* Setting option: option4 = value4
* Setting option: option5 (no value)
#PETSc Option Table entries:
-alias_opt alias_val
-dot_petscrc_option1 dot_petscrc_option1_val
-dot_petscrc_option2
-option1 1
-option2
-option3 value3
-option4 value4
-option5
-option_in_file_1
-options_monitor_cancel 0
-options_monitor_viewer ascii
-options_view
-petscrc_option1 petscrc_option1_val
-petscrc_option2
-skip_petscrc 0
#End of PETSc Option Table entries
