LINE 63
Mat Object: 4 MPI processes
row 0: (13, 10.) 
row 1: (9, 10.)  (11, 5.)  (12, 6.) 
row 2: (8, 8.)  (11, 11.) 
row 3:
row 4: (11, 4.) 
row 5:
row 6: (12, 1.) 
row 7: (9, -1.) 
row 8: (27, 10.) 
row 9: (23, 10.)  (25, 5.)  (26, 6.) 
row 10: (22, 8.)  (25, 11.) 
row 11:
row 12: (25, 4.) 
row 13:
row 14: (26, 1.) 
row 15: (23, -1.) 
row 16: (41, 10.) 
row 17: (37, 10.)  (39, 5.)  (40, 6.) 
row 18: (36, 8.)  (39, 11.) 
row 19:
row 20: (39, 4.) 
row 21:
row 22: (40, 1.) 
row 23: (37, -1.) 
row 24: (55, 10.) 
row 25: (51, 10.)  (53, 5.)  (54, 6.) 
row 26: (50, 8.)  (53, 11.) 
row 27:
row 28: (53, 4.) 
row 29:
row 30: (54, 1.) 
row 31: (51, -1.) 
LINE 65
Vec Object: 4 MPI processes
Process [0]
10.
21.
19.
0.
4.
0.
1.
-1.
Process [1]
10.
21.
19.
0.
4.
0.
1.
-1.
Process [2]
10.
21.
19.
0.
4.
0.
1.
-1.
Process [3]
10.
21.
19.
0.
4.
0.
1.
-1.
LINE 67
Mat Object: 4 MPI processes
row 0: (13, 0.) 
row 1: (9, 0.)  (11, 0.)  (12, 0.) 
row 2: (8, 0.)  (11, 0.) 
row 3:
row 4: (11, 0.) 
row 5:
row 6: (12, 0.) 
row 7: (9, 0.) 
row 8: (27, 0.) 
row 9: (23, 0.)  (25, 0.)  (26, 0.) 
row 10: (22, 0.)  (25, 0.) 
row 11:
row 12: (25, 0.) 
row 13:
row 14: (26, 0.) 
row 15: (23, 0.) 
row 16: (41, 0.) 
row 17: (37, 0.)  (39, 0.)  (40, 0.) 
row 18: (36, 0.)  (39, 0.) 
row 19:
row 20: (39, 0.) 
row 21:
row 22: (40, 0.) 
row 23: (37, 0.) 
row 24: (55, 0.) 
row 25: (51, 0.)  (53, 0.)  (54, 0.) 
row 26: (50, 0.)  (53, 0.) 
row 27:
row 28: (53, 0.) 
row 29:
row 30: (54, 0.) 
row 31: (51, 0.) 
LINE 69
Vec Object: 4 MPI processes
Process [0]
10.
21.
19.
0.
4.
0.
1.
-1.
Process [1]
10.
21.
19.
0.
4.
0.
1.
-1.
Process [2]
10.
21.
19.
0.
4.
0.
1.
-1.
Process [3]
10.
21.
19.
0.
4.
0.
1.
-1.
LINE 72
Mat Object: 4 MPI processes
row 0: (0, 0.) 
row 1: (1, 0.)  (2, 0.)  (4, 0.)  (6, 0.)  (7, 0.) 
row 2: (1, 0.)  (2, 0.)  (4, 0.) 
row 3:
row 4: (1, 0.)  (2, 0.)  (4, 0.) 
row 5:
row 6: (1, 0.)  (6, 0.) 
row 7: (1, 0.)  (7, 0.) 
row 8: (8, 0.) 
row 9: (9, 0.)  (10, 0.)  (12, 0.)  (14, 0.)  (15, 0.) 
row 10: (9, 0.)  (10, 0.)  (12, 0.) 
row 11:
row 12: (9, 0.)  (10, 0.)  (12, 0.) 
row 13:
row 14: (9, 0.)  (14, 0.) 
row 15: (9, 0.)  (15, 0.) 
row 16: (16, 0.) 
row 17: (17, 0.)  (18, 0.)  (20, 0.)  (22, 0.)  (23, 0.) 
row 18: (17, 0.)  (18, 0.)  (20, 0.) 
row 19:
row 20: (17, 0.)  (18, 0.)  (20, 0.) 
row 21:
row 22: (17, 0.)  (22, 0.) 
row 23: (17, 0.)  (23, 0.) 
row 24: (24, 0.) 
row 25: (25, 0.)  (26, 0.)  (28, 0.)  (30, 0.)  (31, 0.) 
row 26: (25, 0.)  (26, 0.)  (28, 0.) 
row 27:
row 28: (25, 0.)  (26, 0.)  (28, 0.) 
row 29:
row 30: (25, 0.)  (30, 0.) 
row 31: (25, 0.)  (31, 0.) 
LINE 75
Mat Object: 4 MPI processes
row 0:
row 1:
row 2:
row 3:
row 4:
row 5:
row 6:
row 7:
row 8: (8, 0.)  (11, 0.) 
row 9: (9, 0.)  (11, 0.)  (12, 0.) 
row 10:
row 11: (8, 0.)  (9, 0.)  (11, 0.)  (12, 0.) 
row 12: (9, 0.)  (11, 0.)  (12, 0.) 
row 13: (13, 0.) 
row 14:
row 15:
row 16:
row 17:
row 18:
row 19:
row 20:
row 21:
row 22: (22, 0.)  (25, 0.) 
row 23: (23, 0.)  (25, 0.)  (26, 0.) 
row 24:
row 25: (22, 0.)  (23, 0.)  (25, 0.)  (26, 0.) 
row 26: (23, 0.)  (25, 0.)  (26, 0.) 
row 27: (27, 0.) 
row 28:
row 29:
row 30:
row 31:
row 32:
row 33:
row 34:
row 35:
row 36: (36, 0.)  (39, 0.) 
row 37: (37, 0.)  (39, 0.)  (40, 0.) 
row 38:
row 39: (36, 0.)  (37, 0.)  (39, 0.)  (40, 0.) 
row 40: (37, 0.)  (39, 0.)  (40, 0.) 
row 41: (41, 0.) 
row 42:
row 43:
row 44:
row 45:
row 46:
row 47:
row 48:
row 49:
row 50: (50, 0.)  (53, 0.) 
row 51: (51, 0.)  (53, 0.)  (54, 0.) 
row 52:
row 53: (50, 0.)  (51, 0.)  (53, 0.)  (54, 0.) 
row 54: (51, 0.)  (53, 0.)  (54, 0.) 
row 55: (55, 0.) 
LINE 81
Mat Object: 4 MPI processes
row 0: (13, -10.) 
row 1: (9, -10.)  (11, -5.)  (12, -6.) 
row 2: (8, -8.)  (11, -11.) 
row 3:
row 4: (11, -4.) 
row 5:
row 6: (12, -1.) 
row 7: (9, 1.) 
row 8: (27, -10.) 
row 9: (23, -10.)  (25, -5.)  (26, -6.) 
row 10: (22, -8.)  (25, -11.) 
row 11:
row 12: (25, -4.) 
row 13:
row 14: (26, -1.) 
row 15: (23, 1.) 
row 16: (41, -10.) 
row 17: (37, -10.)  (39, -5.)  (40, -6.) 
row 18: (36, -8.)  (39, -11.) 
row 19:
row 20: (39, -4.) 
row 21:
row 22: (40, -1.) 
row 23: (37, 1.) 
row 24: (55, -10.) 
row 25: (51, -10.)  (53, -5.)  (54, -6.) 
row 26: (50, -8.)  (53, -11.) 
row 27:
row 28: (53, -4.) 
row 29:
row 30: (54, -1.) 
row 31: (51, 1.) 
LINE 86
Mat Object: 4 MPI processes
row 0: (13, 3.) 
row 1: (9, 8.)  (11, 5.)  (12, 6.) 
row 2: (8, 7.)  (11, 2.) 
row 3:
row 4: (11, 4.) 
row 5:
row 6: (12, 1.) 
row 7: (9, -1.) 
row 8: (27, 3.) 
row 9: (23, 8.)  (25, 5.)  (26, 6.) 
row 10: (22, 7.)  (25, 2.) 
row 11:
row 12: (25, 4.) 
row 13:
row 14: (26, 1.) 
row 15: (23, -1.) 
row 16: (41, 3.) 
row 17: (37, 8.)  (39, 5.)  (40, 6.) 
row 18: (36, 7.)  (39, 2.) 
row 19:
row 20: (39, 4.) 
row 21:
row 22: (40, 1.) 
row 23: (37, -1.) 
row 24: (55, 3.) 
row 25: (51, 8.)  (53, 5.)  (54, 6.) 
row 26: (50, 7.)  (53, 2.) 
row 27:
row 28: (53, 4.) 
row 29:
row 30: (54, 1.) 
row 31: (51, -1.) 
LINE 88
Vec Object: 4 MPI processes
Process [0]
3.
19.
9.
0.
4.
0.
1.
-1.
Process [1]
3.
19.
9.
0.
4.
0.
1.
-1.
Process [2]
3.
19.
9.
0.
4.
0.
1.
-1.
Process [3]
3.
19.
9.
0.
4.
0.
1.
-1.
LINE 90
Mat Object: 4 MPI processes
row 0: (13, 0.) 
row 1: (9, 0.)  (11, 0.)  (12, 0.) 
row 2: (8, 0.)  (11, 0.) 
row 3:
row 4: (11, 0.) 
row 5:
row 6: (12, 0.) 
row 7: (9, 0.) 
row 8: (27, 0.) 
row 9: (23, 0.)  (25, 0.)  (26, 0.) 
row 10: (22, 0.)  (25, 0.) 
row 11:
row 12: (25, 0.) 
row 13:
row 14: (26, 0.) 
row 15: (23, 0.) 
row 16: (41, 0.) 
row 17: (37, 0.)  (39, 0.)  (40, 0.) 
row 18: (36, 0.)  (39, 0.) 
row 19:
row 20: (39, 0.) 
row 21:
row 22: (40, 0.) 
row 23: (37, 0.) 
row 24: (55, 0.) 
row 25: (51, 0.)  (53, 0.)  (54, 0.) 
row 26: (50, 0.)  (53, 0.) 
row 27:
row 28: (53, 0.) 
row 29:
row 30: (54, 0.) 
row 31: (51, 0.) 
LINE 92
Vec Object: 4 MPI processes
Process [0]
3.
19.
9.
0.
4.
0.
1.
-1.
Process [1]
3.
19.
9.
0.
4.
0.
1.
-1.
Process [2]
3.
19.
9.
0.
4.
0.
1.
-1.
Process [3]
3.
19.
9.
0.
4.
0.
1.
-1.
LINE 95
Mat Object: 4 MPI processes
row 0: (13, 3.) 
row 1: (9, 8.)  (11, 5.)  (12, 6.) 
row 2: (8, 7.)  (11, 2.) 
row 3:
row 4: (11, 4.) 
row 5:
row 6: (12, 1.) 
row 7: (9, -1.) 
row 8: (27, 3.) 
row 9: (23, 8.)  (25, 5.)  (26, 6.) 
row 10: (22, 7.)  (25, 2.) 
row 11:
row 12: (25, 4.) 
row 13:
row 14: (26, 1.) 
row 15: (23, -1.) 
row 16: (41, 3.) 
row 17: (37, 8.)  (39, 5.)  (40, 6.) 
row 18: (36, 7.)  (39, 2.) 
row 19:
row 20: (39, 4.) 
row 21:
row 22: (40, 1.) 
row 23: (37, -1.) 
row 24: (55, 3.) 
row 25: (51, 8.)  (53, 5.)  (54, 6.) 
row 26: (50, 7.)  (53, 2.) 
row 27:
row 28: (53, 4.) 
row 29:
row 30: (54, 1.) 
row 31: (51, -1.) 
LINE 97
Vec Object: 4 MPI processes
Process [0]
3.
19.
9.
0.
4.
0.
1.
-1.
Process [1]
3.
19.
9.
0.
4.
0.
1.
-1.
Process [2]
3.
19.
9.
0.
4.
0.
1.
-1.
Process [3]
3.
19.
9.
0.
4.
0.
1.
-1.
LINE 99
Mat Object: 4 MPI processes
row 0: (13, -3.) 
row 1: (9, -8.)  (11, -5.)  (12, -6.) 
row 2: (8, -7.)  (11, -2.) 
row 3:
row 4: (11, -4.) 
row 5:
row 6: (12, -1.) 
row 7: (9, 1.) 
row 8: (27, -3.) 
row 9: (23, -8.)  (25, -5.)  (26, -6.) 
row 10: (22, -7.)  (25, -2.) 
row 11:
row 12: (25, -4.) 
row 13:
row 14: (26, -1.) 
row 15: (23, 1.) 
row 16: (41, -3.) 
row 17: (37, -8.)  (39, -5.)  (40, -6.) 
row 18: (36, -7.)  (39, -2.) 
row 19:
row 20: (39, -4.) 
row 21:
row 22: (40, -1.) 
row 23: (37, 1.) 
row 24: (55, -3.) 
row 25: (51, -8.)  (53, -5.)  (54, -6.) 
row 26: (50, -7.)  (53, -2.) 
row 27:
row 28: (53, -4.) 
row 29:
row 30: (54, -1.) 
row 31: (51, 1.) 
LINE 101
Vec Object: 4 MPI processes
Process [0]
0.
0.
0.
0.
0.
0.
0.
0.
Process [1]
0.
0.
0.
0.
0.
0.
0.
0.
Process [2]
0.
0.
0.
0.
0.
0.
0.
0.
Process [3]
0.
0.
0.
0.
0.
0.
0.
0.
LINE 104
Mat Object: 4 MPI processes
row 0: (0, 9.) 
row 1: (1, 125.)  (2, 10.)  (4, 20.)  (6, 6.)  (7, -8.) 
row 2: (1, 10.)  (2, 53.)  (4, 8.) 
row 3:
row 4: (1, 20.)  (2, 8.)  (4, 16.) 
row 5:
row 6: (1, 6.)  (6, 1.) 
row 7: (1, -8.)  (7, 1.) 
row 8: (8, 9.) 
row 9: (9, 125.)  (10, 10.)  (12, 20.)  (14, 6.)  (15, -8.) 
row 10: (9, 10.)  (10, 53.)  (12, 8.) 
row 11:
row 12: (9, 20.)  (10, 8.)  (12, 16.) 
row 13:
row 14: (9, 6.)  (14, 1.) 
row 15: (9, -8.)  (15, 1.) 
row 16: (16, 9.) 
row 17: (17, 125.)  (18, 10.)  (20, 20.)  (22, 6.)  (23, -8.) 
row 18: (17, 10.)  (18, 53.)  (20, 8.) 
row 19:
row 20: (17, 20.)  (18, 8.)  (20, 16.) 
row 21:
row 22: (17, 6.)  (22, 1.) 
row 23: (17, -8.)  (23, 1.) 
row 24: (24, 9.) 
row 25: (25, 125.)  (26, 10.)  (28, 20.)  (30, 6.)  (31, -8.) 
row 26: (25, 10.)  (26, 53.)  (28, 8.) 
row 27:
row 28: (25, 20.)  (26, 8.)  (28, 16.) 
row 29:
row 30: (25, 6.)  (30, 1.) 
row 31: (25, -8.)  (31, 1.) 
LINE 107
Mat Object: 4 MPI processes
row 0:
row 1:
row 2:
row 3:
row 4:
row 5:
row 6:
row 7:
row 8: (8, 49.)  (11, 14.) 
row 9: (9, 65.)  (11, 40.)  (12, 48.) 
row 10:
row 11: (8, 14.)  (9, 40.)  (11, 45.)  (12, 30.) 
row 12: (9, 48.)  (11, 30.)  (12, 37.) 
row 13: (13, 9.) 
row 14:
row 15:
row 16:
row 17:
row 18:
row 19:
row 20:
row 21:
row 22: (22, 49.)  (25, 14.) 
row 23: (23, 65.)  (25, 40.)  (26, 48.) 
row 24:
row 25: (22, 14.)  (23, 40.)  (25, 45.)  (26, 30.) 
row 26: (23, 48.)  (25, 30.)  (26, 37.) 
row 27: (27, 9.) 
row 28:
row 29:
row 30:
row 31:
row 32:
row 33:
row 34:
row 35:
row 36: (36, 49.)  (39, 14.) 
row 37: (37, 65.)  (39, 40.)  (40, 48.) 
row 38:
row 39: (36, 14.)  (37, 40.)  (39, 45.)  (40, 30.) 
row 40: (37, 48.)  (39, 30.)  (40, 37.) 
row 41: (41, 9.) 
row 42:
row 43:
row 44:
row 45:
row 46:
row 47:
row 48:
row 49:
row 50: (50, 49.)  (53, 14.) 
row 51: (51, 65.)  (53, 40.)  (54, 48.) 
row 52:
row 53: (50, 14.)  (51, 40.)  (53, 45.)  (54, 30.) 
row 54: (51, 48.)  (53, 30.)  (54, 37.) 
row 55: (55, 9.) 
LINE 152
Mat Object: 4 MPI processes
row 0: (13, -3.) 
row 1: (9, -8.)  (11, -5.)  (12, -6.) 
row 2: (8, -7.)  (11, -2.) 
row 3:
row 4: (11, -4.) 
row 5:
row 6: (12, -1.) 
row 7: (9, 1.) 
row 8: (27, -3.) 
row 9: (23, -8.)  (25, -5.)  (26, -6.) 
row 10: (22, -7.)  (25, -2.) 
row 11:
row 12: (25, -4.) 
row 13:
row 14: (26, -1.) 
row 15: (23, 1.) 
row 16: (41, -3.) 
row 17: (37, -8.)  (39, -5.)  (40, -6.) 
row 18: (36, -7.)  (39, -2.) 
row 19:
row 20: (39, -4.) 
row 21:
row 22: (40, -1.) 
row 23: (37, 1.) 
row 24: (55, -3.) 
row 25: (51, -8.)  (53, -5.)  (54, -6.) 
row 26: (50, -7.)  (53, -2.) 
row 27:
row 28: (53, -4.) 
row 29:
row 30: (54, -1.) 
row 31: (51, 1.) 
LINE 154
Vec Object: 4 MPI processes
Process [0]
-3.
-19.
-9.
0.
-4.
0.
-1.
1.
Process [1]
-3.
-19.
-9.
0.
-4.
0.
-1.
1.
Process [2]
-3.
-19.
-9.
0.
-4.
0.
-1.
1.
Process [3]
-3.
-19.
-9.
0.
-4.
0.
-1.
1.
LINE 156
Mat Object: 4 MPI processes
row 0: (13, -3.) 
row 1: (9, -8.)  (11, -5.)  (12, -6.) 
row 2: (8, -7.)  (11, -2.) 
row 3:
row 4: (11, -4.) 
row 5:
row 6: (12, -1.) 
row 7: (9, 1.) 
row 8: (27, -3.) 
row 9: (23, -8.)  (25, -5.)  (26, -6.) 
row 10: (22, -7.)  (25, -2.) 
row 11:
row 12: (25, -4.) 
row 13:
row 14: (26, -1.) 
row 15: (23, 1.) 
row 16: (41, -3.) 
row 17: (37, -8.)  (39, -5.)  (40, -6.) 
row 18: (36, -7.)  (39, -2.) 
row 19:
row 20: (39, -4.) 
row 21:
row 22: (40, -1.) 
row 23: (37, 1.) 
row 24: (55, -3.) 
row 25: (51, -8.)  (53, -5.)  (54, -6.) 
row 26: (50, -7.)  (53, -2.) 
row 27:
row 28: (53, -4.) 
row 29:
row 30: (54, -1.) 
row 31: (51, 1.) 
LINE 158
Vec Object: 4 MPI processes
Process [0]
-3.
-19.
-9.
0.
-4.
0.
-1.
1.
Process [1]
-3.
-19.
-9.
0.
-4.
0.
-1.
1.
Process [2]
-3.
-19.
-9.
0.
-4.
0.
-1.
1.
Process [3]
-3.
-19.
-9.
0.
-4.
0.
-1.
1.
LINE 161
Mat Object: 4 MPI processes
row 0: (0, 9.) 
row 1: (1, 125.)  (2, 10.)  (4, 20.)  (6, 6.)  (7, -8.) 
row 2: (1, 10.)  (2, 53.)  (4, 8.) 
row 3:
row 4: (1, 20.)  (2, 8.)  (4, 16.) 
row 5:
row 6: (1, 6.)  (6, 1.) 
row 7: (1, -8.)  (7, 1.) 
row 8: (8, 9.) 
row 9: (9, 125.)  (10, 10.)  (12, 20.)  (14, 6.)  (15, -8.) 
row 10: (9, 10.)  (10, 53.)  (12, 8.) 
row 11:
row 12: (9, 20.)  (10, 8.)  (12, 16.) 
row 13:
row 14: (9, 6.)  (14, 1.) 
row 15: (9, -8.)  (15, 1.) 
row 16: (16, 9.) 
row 17: (17, 125.)  (18, 10.)  (20, 20.)  (22, 6.)  (23, -8.) 
row 18: (17, 10.)  (18, 53.)  (20, 8.) 
row 19:
row 20: (17, 20.)  (18, 8.)  (20, 16.) 
row 21:
row 22: (17, 6.)  (22, 1.) 
row 23: (17, -8.)  (23, 1.) 
row 24: (24, 9.) 
row 25: (25, 125.)  (26, 10.)  (28, 20.)  (30, 6.)  (31, -8.) 
row 26: (25, 10.)  (26, 53.)  (28, 8.) 
row 27:
row 28: (25, 20.)  (26, 8.)  (28, 16.) 
row 29:
row 30: (25, 6.)  (30, 1.) 
row 31: (25, -8.)  (31, 1.) 
LINE 164
Mat Object: 4 MPI processes
row 0:
row 1:
row 2:
row 3:
row 4:
row 5:
row 6:
row 7:
row 8: (8, 49.)  (11, 14.) 
row 9: (9, 65.)  (11, 40.)  (12, 48.) 
row 10:
row 11: (8, 14.)  (9, 40.)  (11, 45.)  (12, 30.) 
row 12: (9, 48.)  (11, 30.)  (12, 37.) 
row 13: (13, 9.) 
row 14:
row 15:
row 16:
row 17:
row 18:
row 19:
row 20:
row 21:
row 22: (22, 49.)  (25, 14.) 
row 23: (23, 65.)  (25, 40.)  (26, 48.) 
row 24:
row 25: (22, 14.)  (23, 40.)  (25, 45.)  (26, 30.) 
row 26: (23, 48.)  (25, 30.)  (26, 37.) 
row 27: (27, 9.) 
row 28:
row 29:
row 30:
row 31:
row 32:
row 33:
row 34:
row 35:
row 36: (36, 49.)  (39, 14.) 
row 37: (37, 65.)  (39, 40.)  (40, 48.) 
row 38:
row 39: (36, 14.)  (37, 40.)  (39, 45.)  (40, 30.) 
row 40: (37, 48.)  (39, 30.)  (40, 37.) 
row 41: (41, 9.) 
row 42:
row 43:
row 44:
row 45:
row 46:
row 47:
row 48:
row 49:
row 50: (50, 49.)  (53, 14.) 
row 51: (51, 65.)  (53, 40.)  (54, 48.) 
row 52:
row 53: (50, 14.)  (51, 40.)  (53, 45.)  (54, 30.) 
row 54: (51, 48.)  (53, 30.)  (54, 37.) 
row 55: (55, 9.) 
