LINE 63
Mat Object: 3 MPI processes
row 0: (5, 10.) 
row 1: (1, 10.)  (3, 5.)  (4, 6.) 
row 2: (0, 8.)  (3, 11.) 
row 3:
row 4: (3, 4.) 
row 5:
row 6: (4, 1.) 
row 7: (1, -1.) 
row 8: (11, 10.) 
row 9: (7, 10.)  (9, 5.)  (10, 6.) 
row 10: (6, 8.)  (9, 11.) 
row 11:
row 12: (9, 4.) 
row 13:
row 14: (10, 1.) 
row 15: (7, -1.) 
row 16: (17, 10.) 
row 17: (13, 10.)  (15, 5.)  (16, 6.) 
row 18: (12, 8.)  (15, 11.) 
row 19:
row 20: (15, 4.) 
row 21:
row 22: (16, 1.) 
row 23: (13, -1.) 
LINE 65
Vec Object: 3 MPI processes
Process [0]
10.
21.
19.
0.
4.
0.
1.
-1.
Process [1]
10.
21.
19.
0.
4.
0.
1.
-1.
Process [2]
10.
21.
19.
0.
4.
0.
1.
-1.
LINE 67
Mat Object: 3 MPI processes
row 0: (5, 0.) 
row 1: (1, 0.)  (3, 0.)  (4, 0.) 
row 2: (0, 0.)  (3, 0.) 
row 3:
row 4: (3, 0.) 
row 5:
row 6: (4, 0.) 
row 7: (1, 0.) 
row 8: (11, 0.) 
row 9: (7, 0.)  (9, 0.)  (10, 0.) 
row 10: (6, 0.)  (9, 0.) 
row 11:
row 12: (9, 0.) 
row 13:
row 14: (10, 0.) 
row 15: (7, 0.) 
row 16: (17, 0.) 
row 17: (13, 0.)  (15, 0.)  (16, 0.) 
row 18: (12, 0.)  (15, 0.) 
row 19:
row 20: (15, 0.) 
row 21:
row 22: (16, 0.) 
row 23: (13, 0.) 
LINE 69
Vec Object: 3 MPI processes
Process [0]
10.
21.
19.
0.
4.
0.
1.
-1.
Process [1]
10.
21.
19.
0.
4.
0.
1.
-1.
Process [2]
10.
21.
19.
0.
4.
0.
1.
-1.
LINE 72
Mat Object: 3 MPI processes
row 0: (0, 0.) 
row 1: (1, 0.)  (2, 0.)  (4, 0.)  (6, 0.)  (7, 0.) 
row 2: (1, 0.)  (2, 0.)  (4, 0.) 
row 3:
row 4: (1, 0.)  (2, 0.)  (4, 0.) 
row 5:
row 6: (1, 0.)  (6, 0.) 
row 7: (1, 0.)  (7, 0.) 
row 8: (8, 0.) 
row 9: (9, 0.)  (10, 0.)  (12, 0.)  (14, 0.)  (15, 0.) 
row 10: (9, 0.)  (10, 0.)  (12, 0.) 
row 11:
row 12: (9, 0.)  (10, 0.)  (12, 0.) 
row 13:
row 14: (9, 0.)  (14, 0.) 
row 15: (9, 0.)  (15, 0.) 
row 16: (16, 0.) 
row 17: (17, 0.)  (18, 0.)  (20, 0.)  (22, 0.)  (23, 0.) 
row 18: (17, 0.)  (18, 0.)  (20, 0.) 
row 19:
row 20: (17, 0.)  (18, 0.)  (20, 0.) 
row 21:
row 22: (17, 0.)  (22, 0.) 
row 23: (17, 0.)  (23, 0.) 
LINE 75
Mat Object: 3 MPI processes
row 0: (0, 0.)  (3, 0.) 
row 1: (1, 0.)  (3, 0.)  (4, 0.) 
row 2:
row 3: (0, 0.)  (1, 0.)  (3, 0.)  (4, 0.) 
row 4: (1, 0.)  (3, 0.)  (4, 0.) 
row 5: (5, 0.) 
row 6: (6, 0.)  (9, 0.) 
row 7: (7, 0.)  (9, 0.)  (10, 0.) 
row 8:
row 9: (6, 0.)  (7, 0.)  (9, 0.)  (10, 0.) 
row 10: (7, 0.)  (9, 0.)  (10, 0.) 
row 11: (11, 0.) 
row 12: (12, 0.)  (15, 0.) 
row 13: (13, 0.)  (15, 0.)  (16, 0.) 
row 14:
row 15: (12, 0.)  (13, 0.)  (15, 0.)  (16, 0.) 
row 16: (13, 0.)  (15, 0.)  (16, 0.) 
row 17: (17, 0.) 
LINE 81
Mat Object: 3 MPI processes
row 0: (5, -10.) 
row 1: (1, -10.)  (3, -5.)  (4, -6.) 
row 2: (0, -8.)  (3, -11.) 
row 3:
row 4: (3, -4.) 
row 5:
row 6: (4, -1.) 
row 7: (1, 1.) 
row 8: (11, -10.) 
row 9: (7, -10.)  (9, -5.)  (10, -6.) 
row 10: (6, -8.)  (9, -11.) 
row 11:
row 12: (9, -4.) 
row 13:
row 14: (10, -1.) 
row 15: (7, 1.) 
row 16: (17, -10.) 
row 17: (13, -10.)  (15, -5.)  (16, -6.) 
row 18: (12, -8.)  (15, -11.) 
row 19:
row 20: (15, -4.) 
row 21:
row 22: (16, -1.) 
row 23: (13, 1.) 
LINE 86
Mat Object: 3 MPI processes
row 0: (5, 3.) 
row 1: (1, 8.)  (3, 5.)  (4, 6.) 
row 2: (0, 7.)  (3, 2.) 
row 3:
row 4: (3, 4.) 
row 5:
row 6: (4, 1.) 
row 7: (1, -1.) 
row 8: (11, 3.) 
row 9: (7, 8.)  (9, 5.)  (10, 6.) 
row 10: (6, 7.)  (9, 2.) 
row 11:
row 12: (9, 4.) 
row 13:
row 14: (10, 1.) 
row 15: (7, -1.) 
row 16: (17, 3.) 
row 17: (13, 8.)  (15, 5.)  (16, 6.) 
row 18: (12, 7.)  (15, 2.) 
row 19:
row 20: (15, 4.) 
row 21:
row 22: (16, 1.) 
row 23: (13, -1.) 
LINE 88
Vec Object: 3 MPI processes
Process [0]
3.
19.
9.
0.
4.
0.
1.
-1.
Process [1]
3.
19.
9.
0.
4.
0.
1.
-1.
Process [2]
3.
19.
9.
0.
4.
0.
1.
-1.
LINE 90
Mat Object: 3 MPI processes
row 0: (5, 0.) 
row 1: (1, 0.)  (3, 0.)  (4, 0.) 
row 2: (0, 0.)  (3, 0.) 
row 3:
row 4: (3, 0.) 
row 5:
row 6: (4, 0.) 
row 7: (1, 0.) 
row 8: (11, 0.) 
row 9: (7, 0.)  (9, 0.)  (10, 0.) 
row 10: (6, 0.)  (9, 0.) 
row 11:
row 12: (9, 0.) 
row 13:
row 14: (10, 0.) 
row 15: (7, 0.) 
row 16: (17, 0.) 
row 17: (13, 0.)  (15, 0.)  (16, 0.) 
row 18: (12, 0.)  (15, 0.) 
row 19:
row 20: (15, 0.) 
row 21:
row 22: (16, 0.) 
row 23: (13, 0.) 
LINE 92
Vec Object: 3 MPI processes
Process [0]
3.
19.
9.
0.
4.
0.
1.
-1.
Process [1]
3.
19.
9.
0.
4.
0.
1.
-1.
Process [2]
3.
19.
9.
0.
4.
0.
1.
-1.
LINE 95
Mat Object: 3 MPI processes
row 0: (5, 3.) 
row 1: (1, 8.)  (3, 5.)  (4, 6.) 
row 2: (0, 7.)  (3, 2.) 
row 3:
row 4: (3, 4.) 
row 5:
row 6: (4, 1.) 
row 7: (1, -1.) 
row 8: (11, 3.) 
row 9: (7, 8.)  (9, 5.)  (10, 6.) 
row 10: (6, 7.)  (9, 2.) 
row 11:
row 12: (9, 4.) 
row 13:
row 14: (10, 1.) 
row 15: (7, -1.) 
row 16: (17, 3.) 
row 17: (13, 8.)  (15, 5.)  (16, 6.) 
row 18: (12, 7.)  (15, 2.) 
row 19:
row 20: (15, 4.) 
row 21:
row 22: (16, 1.) 
row 23: (13, -1.) 
LINE 97
Vec Object: 3 MPI processes
Process [0]
3.
19.
9.
0.
4.
0.
1.
-1.
Process [1]
3.
19.
9.
0.
4.
0.
1.
-1.
Process [2]
3.
19.
9.
0.
4.
0.
1.
-1.
LINE 99
Mat Object: 3 MPI processes
row 0: (5, -3.) 
row 1: (1, -8.)  (3, -5.)  (4, -6.) 
row 2: (0, -7.)  (3, -2.) 
row 3:
row 4: (3, -4.) 
row 5:
row 6: (4, -1.) 
row 7: (1, 1.) 
row 8: (11, -3.) 
row 9: (7, -8.)  (9, -5.)  (10, -6.) 
row 10: (6, -7.)  (9, -2.) 
row 11:
row 12: (9, -4.) 
row 13:
row 14: (10, -1.) 
row 15: (7, 1.) 
row 16: (17, -3.) 
row 17: (13, -8.)  (15, -5.)  (16, -6.) 
row 18: (12, -7.)  (15, -2.) 
row 19:
row 20: (15, -4.) 
row 21:
row 22: (16, -1.) 
row 23: (13, 1.) 
LINE 101
Vec Object: 3 MPI processes
Process [0]
0.
0.
0.
0.
0.
0.
0.
0.
Process [1]
0.
0.
0.
0.
0.
0.
0.
0.
Process [2]
0.
0.
0.
0.
0.
0.
0.
0.
LINE 104
Mat Object: 3 MPI processes
row 0: (0, 9.) 
row 1: (1, 125.)  (2, 10.)  (4, 20.)  (6, 6.)  (7, -8.) 
row 2: (1, 10.)  (2, 53.)  (4, 8.) 
row 3:
row 4: (1, 20.)  (2, 8.)  (4, 16.) 
row 5:
row 6: (1, 6.)  (6, 1.) 
row 7: (1, -8.)  (7, 1.) 
row 8: (8, 9.) 
row 9: (9, 125.)  (10, 10.)  (12, 20.)  (14, 6.)  (15, -8.) 
row 10: (9, 10.)  (10, 53.)  (12, 8.) 
row 11:
row 12: (9, 20.)  (10, 8.)  (12, 16.) 
row 13:
row 14: (9, 6.)  (14, 1.) 
row 15: (9, -8.)  (15, 1.) 
row 16: (16, 9.) 
row 17: (17, 125.)  (18, 10.)  (20, 20.)  (22, 6.)  (23, -8.) 
row 18: (17, 10.)  (18, 53.)  (20, 8.) 
row 19:
row 20: (17, 20.)  (18, 8.)  (20, 16.) 
row 21:
row 22: (17, 6.)  (22, 1.) 
row 23: (17, -8.)  (23, 1.) 
LINE 107
Mat Object: 3 MPI processes
row 0: (0, 49.)  (3, 14.) 
row 1: (1, 65.)  (3, 40.)  (4, 48.) 
row 2:
row 3: (0, 14.)  (1, 40.)  (3, 45.)  (4, 30.) 
row 4: (1, 48.)  (3, 30.)  (4, 37.) 
row 5: (5, 9.) 
row 6: (6, 49.)  (9, 14.) 
row 7: (7, 65.)  (9, 40.)  (10, 48.) 
row 8:
row 9: (6, 14.)  (7, 40.)  (9, 45.)  (10, 30.) 
row 10: (7, 48.)  (9, 30.)  (10, 37.) 
row 11: (11, 9.) 
row 12: (12, 49.)  (15, 14.) 
row 13: (13, 65.)  (15, 40.)  (16, 48.) 
row 14:
row 15: (12, 14.)  (13, 40.)  (15, 45.)  (16, 30.) 
row 16: (13, 48.)  (15, 30.)  (16, 37.) 
row 17: (17, 9.) 
LINE 152
Mat Object: 3 MPI processes
row 0: (5, -3.) 
row 1: (1, -8.)  (3, -5.)  (4, -6.) 
row 2: (0, -7.)  (3, -2.) 
row 3:
row 4: (3, -4.) 
row 5:
row 6: (4, -1.) 
row 7: (1, 1.) 
row 8: (11, -3.) 
row 9: (7, -8.)  (9, -5.)  (10, -6.) 
row 10: (6, -7.)  (9, -2.) 
row 11:
row 12: (9, -4.) 
row 13:
row 14: (10, -1.) 
row 15: (7, 1.) 
row 16: (17, -3.) 
row 17: (13, -8.)  (15, -5.)  (16, -6.) 
row 18: (12, -7.)  (15, -2.) 
row 19:
row 20: (15, -4.) 
row 21:
row 22: (16, -1.) 
row 23: (13, 1.) 
LINE 154
Vec Object: 3 MPI processes
Process [0]
-3.
-19.
-9.
0.
-4.
0.
-1.
1.
Process [1]
-3.
-19.
-9.
0.
-4.
0.
-1.
1.
Process [2]
-3.
-19.
-9.
0.
-4.
0.
-1.
1.
LINE 156
Mat Object: 3 MPI processes
row 0: (5, -3.) 
row 1: (1, -8.)  (3, -5.)  (4, -6.) 
row 2: (0, -7.)  (3, -2.) 
row 3:
row 4: (3, -4.) 
row 5:
row 6: (4, -1.) 
row 7: (1, 1.) 
row 8: (11, -3.) 
row 9: (7, -8.)  (9, -5.)  (10, -6.) 
row 10: (6, -7.)  (9, -2.) 
row 11:
row 12: (9, -4.) 
row 13:
row 14: (10, -1.) 
row 15: (7, 1.) 
row 16: (17, -3.) 
row 17: (13, -8.)  (15, -5.)  (16, -6.) 
row 18: (12, -7.)  (15, -2.) 
row 19:
row 20: (15, -4.) 
row 21:
row 22: (16, -1.) 
row 23: (13, 1.) 
LINE 158
Vec Object: 3 MPI processes
Process [0]
-3.
-19.
-9.
0.
-4.
0.
-1.
1.
Process [1]
-3.
-19.
-9.
0.
-4.
0.
-1.
1.
Process [2]
-3.
-19.
-9.
0.
-4.
0.
-1.
1.
LINE 161
Mat Object: 3 MPI processes
row 0: (0, 9.) 
row 1: (1, 125.)  (2, 10.)  (4, 20.)  (6, 6.)  (7, -8.) 
row 2: (1, 10.)  (2, 53.)  (4, 8.) 
row 3:
row 4: (1, 20.)  (2, 8.)  (4, 16.) 
row 5:
row 6: (1, 6.)  (6, 1.) 
row 7: (1, -8.)  (7, 1.) 
row 8: (8, 9.) 
row 9: (9, 125.)  (10, 10.)  (12, 20.)  (14, 6.)  (15, -8.) 
row 10: (9, 10.)  (10, 53.)  (12, 8.) 
row 11:
row 12: (9, 20.)  (10, 8.)  (12, 16.) 
row 13:
row 14: (9, 6.)  (14, 1.) 
row 15: (9, -8.)  (15, 1.) 
row 16: (16, 9.) 
row 17: (17, 125.)  (18, 10.)  (20, 20.)  (22, 6.)  (23, -8.) 
row 18: (17, 10.)  (18, 53.)  (20, 8.) 
row 19:
row 20: (17, 20.)  (18, 8.)  (20, 16.) 
row 21:
row 22: (17, 6.)  (22, 1.) 
row 23: (17, -8.)  (23, 1.) 
LINE 164
Mat Object: 3 MPI processes
row 0: (0, 49.)  (3, 14.) 
row 1: (1, 65.)  (3, 40.)  (4, 48.) 
row 2:
row 3: (0, 14.)  (1, 40.)  (3, 45.)  (4, 30.) 
row 4: (1, 48.)  (3, 30.)  (4, 37.) 
row 5: (5, 9.) 
row 6: (6, 49.)  (9, 14.) 
row 7: (7, 65.)  (9, 40.)  (10, 48.) 
row 8:
row 9: (6, 14.)  (7, 40.)  (9, 45.)  (10, 30.) 
row 10: (7, 48.)  (9, 30.)  (10, 37.) 
row 11: (11, 9.) 
row 12: (12, 49.)  (15, 14.) 
row 13: (13, 65.)  (15, 40.)  (16, 48.) 
row 14:
row 15: (12, 14.)  (13, 40.)  (15, 45.)  (16, 30.) 
row 16: (13, 48.)  (15, 30.)  (16, 37.) 
row 17: (17, 9.) 
