Fine grid size 5 by 5
  0 KSP Residual norm 5.000000000000e+00 
  1 KSP Residual norm 3.436984394635e+00 
KSP final norm of residual 3.43698
Number of iterations = 1
KSP final norm of residual #0 3.43698
                           #1 3.43698
                           #2 3.43698
                           #3 3.43698
KSP final norm of residual #4 3.43698
                           #5 3.43698
                           #6 3.43698
