Linear solve converged due to CONVERGED_ITS iterations 4
Number of iterations =   4
Residual norm = 0.362373
