Function tests FAIL for order 3 at tolerance 1e-10 error 0.00360844
Function tests FAIL for order 3 derivatives at tolerance 1e-10 error 0.0559017
Interpolation tests FAIL for order 3 at tolerance 1e-10 error 0.00430279
Interpolation tests FAIL for order 3 derivatives at tolerance 1e-10 error 0.0559017
Injection tests FAIL for order 3 at tolerance 1e-10 error 0.00360844
Injection tests FAIL for order 3 derivatives at tolerance 1e-10 error 0.0559017
