Function tests pass for order 1 at tolerance 1e-10
Function tests pass for order 1 derivatives at tolerance 1e-10
Interpolation tests FAIL for order 1 at tolerance 1e-10 error 0.0592927
Interpolation tests FAIL for order 1 derivatives at tolerance 1e-10 error 2.22486
Injection tests pass for order 1 at tolerance 1e-10
Injection tests pass for order 1 derivatives at tolerance 1e-10
