Setting option: name = value
Setting option: name = value
#PETSc Option Table entries:
-name value
#End of PETSc Option Table entries
