[0]PETSC ERROR: Error in options file ex54options_1e_wrong line 4: extra token bla
