Vec Object: v2 1 MPI processes
  type: seq
0.
1.
2.
3.
