Ordering method rcm reduced bandwidth from 53 to 47
