Mat Object: 1 MPI processes
  type: seqaij
row 0: (0, 0.)  (1, 0.)  (3, 0.)  (4, 0.) 
row 1: (0, 0.)  (1, 0.)  (2, 0.)  (3, 0.)  (4, 0.)  (5, 0.) 
row 2: (1, 0.)  (2, 0.)  (4, 0.)  (5, 0.) 
row 3: (0, 0.)  (1, 0.)  (3, 0.)  (4, 0.)  (6, 0.)  (7, 0.) 
row 4: (0, 0.)  (1, 0.)  (2, 0.)  (3, 0.)  (4, 0.)  (5, 0.)  (6, 0.)  (7, 0.)  (8, 0.) 
row 5: (1, 0.)  (2, 0.)  (4, 0.)  (5, 0.)  (7, 0.)  (8, 0.) 
row 6: (3, 0.)  (4, 0.)  (6, 0.)  (7, 0.) 
row 7: (3, 0.)  (4, 0.)  (5, 0.)  (6, 0.)  (7, 0.)  (8, 0.) 
row 8: (4, 0.)  (5, 0.)  (7, 0.)  (8, 0.) 
Mat Object: 1 MPI processes
  type: seqaij
row 0: (0, 0.)  (1, 0.)  (2, 0.)  (3, 0.) 
row 1: (0, 0.)  (1, 0.)  (2, 0.)  (3, 0.)  (6, 0.)  (7, 0.) 
row 2: (0, 0.)  (1, 0.)  (2, 0.)  (3, 0.)  (4, 0.)  (5, 0.)  (6, 0.)  (7, 0.)  (8, 0.) 
row 3: (0, 0.)  (1, 0.)  (2, 0.)  (3, 0.)  (4, 0.)  (5, 0.) 
row 4: (2, 0.)  (3, 0.)  (4, 0.)  (5, 0.)  (7, 0.)  (8, 0.) 
row 5: (2, 0.)  (3, 0.)  (4, 0.)  (5, 0.) 
row 6: (1, 0.)  (2, 0.)  (6, 0.)  (7, 0.) 
row 7: (1, 0.)  (2, 0.)  (4, 0.)  (6, 0.)  (7, 0.)  (8, 0.) 
row 8: (2, 0.)  (4, 0.)  (7, 0.)  (8, 0.) 
Ordering method rcm increased bandwidth from 9 to 13
