DM Object: Simplicial Mesh 1 MPI processes
  type: plex
Simplicial Mesh in 3 dimensions:
  0-cells: 2106
  1-cells: 5753
  2-cells: 5232
  3-cells: 1584
Labels:
  celltype: 4 strata with value/size (0 (2106), 7 (1584), 4 (5232), 1 (5753))
  depth: 4 strata with value/size (0 (2106), 1 (5753), 2 (5232), 3 (1584))
  zone: 1 strata with value/size (1 (1584))
