DM Object: Simplicial Mesh 1 MPI processes
  type: plex
Simplicial Mesh in 2 dimensions:
Supports:
[0] Max support size: 3
[0]: 6 ----> 14
[0]: 6 ----> 17
[0]: 6 ----> 20
[0]: 7 ----> 14
[0]: 7 ----> 15
[0]: 7 ----> 19
[0]: 8 ----> 15
[0]: 8 ----> 16
[0]: 8 ----> 24
[0]: 9 ----> 16
[0]: 9 ----> 17
[0]: 9 ----> 25
[0]: 10 ----> 18
[0]: 10 ----> 20
[0]: 10 ----> 23
[0]: 11 ----> 18
[0]: 11 ----> 19
[0]: 11 ----> 22
[0]: 12 ----> 21
[0]: 12 ----> 23
[0]: 12 ----> 25
[0]: 13 ----> 21
[0]: 13 ----> 22
[0]: 13 ----> 24
[0]: 14 ----> 0
[0]: 14 ----> 1
[0]: 15 ----> 0
[0]: 15 ----> 3
[0]: 16 ----> 0
[0]: 16 ----> 4
[0]: 17 ----> 0
[0]: 17 ----> 5
[0]: 18 ----> 1
[0]: 18 ----> 2
[0]: 19 ----> 1
[0]: 19 ----> 3
[0]: 20 ----> 1
[0]: 20 ----> 5
[0]: 21 ----> 2
[0]: 21 ----> 4
[0]: 22 ----> 2
[0]: 22 ----> 3
[0]: 23 ----> 2
[0]: 23 ----> 5
[0]: 24 ----> 3
[0]: 24 ----> 4
[0]: 25 ----> 4
[0]: 25 ----> 5
Cones:
[0] Max cone size: 4
[0]: 0 <---- 14 (0)
[0]: 0 <---- 15 (0)
[0]: 0 <---- 16 (0)
[0]: 0 <---- 17 (0)
[0]: 1 <---- 18 (0)
[0]: 1 <---- 19 (0)
[0]: 1 <---- 14 (-2)
[0]: 1 <---- 20 (0)
[0]: 2 <---- 21 (0)
[0]: 2 <---- 22 (0)
[0]: 2 <---- 18 (-2)
[0]: 2 <---- 23 (0)
[0]: 3 <---- 19 (-2)
[0]: 3 <---- 22 (-2)
[0]: 3 <---- 24 (0)
[0]: 3 <---- 15 (-2)
[0]: 4 <---- 16 (-2)
[0]: 4 <---- 24 (-2)
[0]: 4 <---- 21 (-2)
[0]: 4 <---- 25 (0)
[0]: 5 <---- 20 (-2)
[0]: 5 <---- 17 (-2)
[0]: 5 <---- 25 (-2)
[0]: 5 <---- 23 (-2)
[0]: 14 <---- 6 (0)
[0]: 14 <---- 7 (0)
[0]: 15 <---- 7 (0)
[0]: 15 <---- 8 (0)
[0]: 16 <---- 8 (0)
[0]: 16 <---- 9 (0)
[0]: 17 <---- 9 (0)
[0]: 17 <---- 6 (0)
[0]: 18 <---- 10 (0)
[0]: 18 <---- 11 (0)
[0]: 19 <---- 11 (0)
[0]: 19 <---- 7 (0)
[0]: 20 <---- 6 (0)
[0]: 20 <---- 10 (0)
[0]: 21 <---- 12 (0)
[0]: 21 <---- 13 (0)
[0]: 22 <---- 13 (0)
[0]: 22 <---- 11 (0)
[0]: 23 <---- 10 (0)
[0]: 23 <---- 12 (0)
[0]: 24 <---- 13 (0)
[0]: 24 <---- 8 (0)
[0]: 25 <---- 12 (0)
[0]: 25 <---- 9 (0)
coordinates with 1 fields
  field 0 with 3 components
Process 0:
  (   6) dim  3 offset   0 -1. 1. -1.
  (   7) dim  3 offset   3 1. 1. -1.
  (   8) dim  3 offset   6 1. -1. -1.
  (   9) dim  3 offset   9 -1. -1. -1.
  (  10) dim  3 offset  12 -1. 1. 1.
  (  11) dim  3 offset  15 1. 1. 1.
  (  12) dim  3 offset  18 -1. -1. 1.
  (  13) dim  3 offset  21 1. -1. 1.
Label 'celltype':
[0]: 0 (4)
[0]: 1 (4)
[0]: 2 (4)
[0]: 3 (4)
[0]: 4 (4)
[0]: 5 (4)
[0]: 6 (0)
[0]: 7 (0)
[0]: 8 (0)
[0]: 9 (0)
[0]: 10 (0)
[0]: 11 (0)
[0]: 12 (0)
[0]: 13 (0)
[0]: 14 (1)
[0]: 15 (1)
[0]: 16 (1)
[0]: 17 (1)
[0]: 18 (1)
[0]: 19 (1)
[0]: 20 (1)
[0]: 21 (1)
[0]: 22 (1)
[0]: 23 (1)
[0]: 24 (1)
[0]: 25 (1)
