Memory Estimates
  Coordinate mem:  5184 3456
  Label mem:       12448
  Cone mem:        14520 10648 (14520)
  Support mem:     14520 10648
  Estimated memory 73496
Measured Memory
