L2 Norm of the Divergence Error is: 8.74865e-15
 H(div) elements working correctly: true
