L2 Norm of the Divergence Error is: 1.10895e-14
 H(div) elements working correctly: true
