DM Object: Mesh 1 MPI processes
  type: plex
Mesh in 2 dimensions:
Supports:
[0] Max support size: 6
[0]: 8 ----> 17
[0]: 8 ----> 19
[0]: 9 ----> 17
[0]: 9 ----> 18
[0]: 9 ----> 23
[0]: 9 ----> 27
[0]: 10 ----> 24
[0]: 10 ----> 25
[0]: 10 ----> 27
[0]: 11 ----> 18
[0]: 11 ----> 19
[0]: 11 ----> 21
[0]: 11 ----> 22
[0]: 12 ----> 20
[0]: 12 ----> 22
[0]: 12 ----> 23
[0]: 12 ----> 24
[0]: 12 ----> 26
[0]: 12 ----> 31
[0]: 13 ----> 25
[0]: 13 ----> 26
[0]: 13 ----> 28
[0]: 13 ----> 29
[0]: 14 ----> 20
[0]: 14 ----> 21
[0]: 14 ----> 32
[0]: 15 ----> 28
[0]: 15 ----> 30
[0]: 15 ----> 31
[0]: 15 ----> 32
[0]: 16 ----> 29
[0]: 16 ----> 30
[0]: 17 ----> 0
[0]: 18 ----> 0
[0]: 18 ----> 2
[0]: 19 ----> 0
[0]: 20 ----> 1
[0]: 20 ----> 7
[0]: 21 ----> 1
[0]: 22 ----> 1
[0]: 22 ----> 2
[0]: 23 ----> 2
[0]: 23 ----> 4
[0]: 24 ----> 3
[0]: 24 ----> 4
[0]: 25 ----> 3
[0]: 26 ----> 3
[0]: 26 ----> 6
[0]: 27 ----> 4
[0]: 28 ----> 5
[0]: 28 ----> 6
[0]: 29 ----> 5
[0]: 30 ----> 5
[0]: 31 ----> 6
[0]: 31 ----> 7
[0]: 32 ----> 7
Cones:
[0] Max cone size: 3
[0]: 0 <---- 17 (0)
[0]: 0 <---- 18 (0)
[0]: 0 <---- 19 (0)
[0]: 1 <---- 20 (0)
[0]: 1 <---- 21 (0)
[0]: 1 <---- 22 (0)
[0]: 2 <---- 18 (-2)
[0]: 2 <---- 23 (0)
[0]: 2 <---- 22 (-2)
[0]: 3 <---- 24 (0)
[0]: 3 <---- 25 (0)
[0]: 3 <---- 26 (0)
[0]: 4 <---- 24 (-2)
[0]: 4 <---- 23 (-2)
[0]: 4 <---- 27 (0)
[0]: 5 <---- 28 (0)
[0]: 5 <---- 29 (0)
[0]: 5 <---- 30 (0)
[0]: 6 <---- 28 (-2)
[0]: 6 <---- 31 (0)
[0]: 6 <---- 26 (-2)
[0]: 7 <---- 31 (-2)
[0]: 7 <---- 32 (0)
[0]: 7 <---- 20 (-2)
[0]: 17 <---- 8 (0)
[0]: 17 <---- 9 (0)
[0]: 18 <---- 9 (0)
[0]: 18 <---- 11 (0)
[0]: 19 <---- 11 (0)
[0]: 19 <---- 8 (0)
[0]: 20 <---- 12 (0)
[0]: 20 <---- 14 (0)
[0]: 21 <---- 14 (0)
[0]: 21 <---- 11 (0)
[0]: 22 <---- 11 (0)
[0]: 22 <---- 12 (0)
[0]: 23 <---- 9 (0)
[0]: 23 <---- 12 (0)
[0]: 24 <---- 12 (0)
[0]: 24 <---- 10 (0)
[0]: 25 <---- 10 (0)
[0]: 25 <---- 13 (0)
[0]: 26 <---- 13 (0)
[0]: 26 <---- 12 (0)
[0]: 27 <---- 9 (0)
[0]: 27 <---- 10 (0)
[0]: 28 <---- 15 (0)
[0]: 28 <---- 13 (0)
[0]: 29 <---- 13 (0)
[0]: 29 <---- 16 (0)
[0]: 30 <---- 16 (0)
[0]: 30 <---- 15 (0)
[0]: 31 <---- 15 (0)
[0]: 31 <---- 12 (0)
[0]: 32 <---- 15 (0)
[0]: 32 <---- 14 (0)
coordinates with 1 fields
  field 0 with 2 components
Process 0:
  (   8) dim  2 offset   0 0. 0.
  (   9) dim  2 offset   2 0.5 0.
  (  10) dim  2 offset   4 1. 0.
  (  11) dim  2 offset   6 0. 0.5
  (  12) dim  2 offset   8 0.5 0.5
  (  13) dim  2 offset  10 1. 0.5
  (  14) dim  2 offset  12 0. 1.
  (  15) dim  2 offset  14 0.5 1.
  (  16) dim  2 offset  16 1. 1.
Label 'marker':
[0]: 8 (1)
[0]: 9 (1)
[0]: 10 (1)
[0]: 11 (1)
[0]: 13 (1)
[0]: 14 (1)
[0]: 15 (1)
[0]: 16 (1)
[0]: 17 (1)
[0]: 19 (1)
[0]: 21 (1)
[0]: 25 (1)
[0]: 27 (1)
[0]: 29 (1)
[0]: 30 (1)
[0]: 32 (1)
Label 'celltype':
[0]: 8 (0)
[0]: 9 (0)
[0]: 10 (0)
[0]: 11 (0)
[0]: 12 (0)
[0]: 13 (0)
[0]: 14 (0)
[0]: 15 (0)
[0]: 16 (0)
[0]: 0 (3)
[0]: 1 (3)
[0]: 2 (3)
[0]: 3 (3)
[0]: 4 (3)
[0]: 5 (3)
[0]: 6 (3)
[0]: 7 (3)
[0]: 17 (1)
[0]: 18 (1)
[0]: 19 (1)
[0]: 20 (1)
[0]: 21 (1)
[0]: 22 (1)
[0]: 23 (1)
[0]: 24 (1)
[0]: 25 (1)
[0]: 26 (1)
[0]: 27 (1)
[0]: 28 (1)
[0]: 29 (1)
[0]: 30 (1)
[0]: 31 (1)
[0]: 32 (1)
DM Object: Adapted Mesh 1 MPI processes
  type: plex
Adapted Mesh in 2 dimensions:
Supports:
[0] Max support size: 6
[0]: 18 ----> 32
[0]: 18 ----> 42
[0]: 18 ----> 43
[0]: 19 ----> 39
[0]: 19 ----> 42
[0]: 19 ----> 47
[0]: 19 ----> 53
[0]: 19 ----> 59
[0]: 20 ----> 45
[0]: 20 ----> 47
[0]: 20 ----> 62
[0]: 21 ----> 33
[0]: 21 ----> 43
[0]: 21 ----> 44
[0]: 21 ----> 54
[0]: 21 ----> 57
[0]: 22 ----> 46
[0]: 22 ----> 51
[0]: 22 ----> 55
[0]: 22 ----> 58
[0]: 22 ----> 60
[0]: 22 ----> 61
[0]: 23 ----> 38
[0]: 23 ----> 45
[0]: 23 ----> 46
[0]: 23 ----> 48
[0]: 23 ----> 49
[0]: 24 ----> 44
[0]: 24 ----> 52
[0]: 24 ----> 56
[0]: 25 ----> 41
[0]: 25 ----> 48
[0]: 25 ----> 50
[0]: 25 ----> 51
[0]: 25 ----> 52
[0]: 26 ----> 49
[0]: 26 ----> 50
[0]: 27 ----> 32
[0]: 27 ----> 35
[0]: 27 ----> 37
[0]: 27 ----> 53
[0]: 27 ----> 54
[0]: 28 ----> 33
[0]: 28 ----> 34
[0]: 28 ----> 41
[0]: 28 ----> 55
[0]: 28 ----> 56
[0]: 29 ----> 34
[0]: 29 ----> 36
[0]: 29 ----> 37
[0]: 29 ----> 57
[0]: 29 ----> 58
[0]: 30 ----> 35
[0]: 30 ----> 36
[0]: 30 ----> 40
[0]: 30 ----> 59
[0]: 30 ----> 60
[0]: 31 ----> 38
[0]: 31 ----> 39
[0]: 31 ----> 40
[0]: 31 ----> 61
[0]: 31 ----> 62
[0]: 32 ----> 0
[0]: 32 ----> 1
[0]: 33 ----> 2
[0]: 33 ----> 3
[0]: 34 ----> 2
[0]: 34 ----> 4
[0]: 35 ----> 6
[0]: 35 ----> 8
[0]: 36 ----> 7
[0]: 36 ----> 8
[0]: 37 ----> 5
[0]: 37 ----> 8
[0]: 38 ----> 9
[0]: 38 ----> 10
[0]: 39 ----> 11
[0]: 39 ----> 13
[0]: 40 ----> 12
[0]: 40 ----> 13
[0]: 41 ----> 16
[0]: 41 ----> 17
[0]: 42 ----> 0
[0]: 43 ----> 1
[0]: 44 ----> 3
[0]: 45 ----> 10
[0]: 46 ----> 9
[0]: 46 ----> 15
[0]: 47 ----> 11
[0]: 48 ----> 14
[0]: 48 ----> 15
[0]: 49 ----> 14
[0]: 50 ----> 14
[0]: 51 ----> 15
[0]: 51 ----> 17
[0]: 52 ----> 16
[0]: 53 ----> 0
[0]: 53 ----> 6
[0]: 54 ----> 1
[0]: 54 ----> 5
[0]: 55 ----> 4
[0]: 55 ----> 17
[0]: 56 ----> 3
[0]: 56 ----> 16
[0]: 57 ----> 2
[0]: 57 ----> 5
[0]: 58 ----> 4
[0]: 58 ----> 7
[0]: 59 ----> 6
[0]: 59 ----> 13
[0]: 60 ----> 7
[0]: 60 ----> 12
[0]: 61 ----> 9
[0]: 61 ----> 12
[0]: 62 ----> 10
[0]: 62 ----> 11
Cones:
[0] Max cone size: 3
[0]: 0 <---- 42 (0)
[0]: 0 <---- 53 (0)
[0]: 0 <---- 32 (-2)
[0]: 1 <---- 54 (0)
[0]: 1 <---- 43 (0)
[0]: 1 <---- 32 (0)
[0]: 2 <---- 57 (0)
[0]: 2 <---- 34 (-2)
[0]: 2 <---- 33 (-2)
[0]: 3 <---- 56 (0)
[0]: 3 <---- 44 (0)
[0]: 3 <---- 33 (0)
[0]: 4 <---- 58 (0)
[0]: 4 <---- 55 (0)
[0]: 4 <---- 34 (0)
[0]: 5 <---- 54 (-2)
[0]: 5 <---- 37 (-2)
[0]: 5 <---- 57 (-2)
[0]: 6 <---- 53 (-2)
[0]: 6 <---- 59 (0)
[0]: 6 <---- 35 (-2)
[0]: 7 <---- 36 (-2)
[0]: 7 <---- 60 (0)
[0]: 7 <---- 58 (-2)
[0]: 8 <---- 35 (0)
[0]: 8 <---- 36 (0)
[0]: 8 <---- 37 (0)
[0]: 9 <---- 46 (0)
[0]: 9 <---- 61 (0)
[0]: 9 <---- 38 (-2)
[0]: 10 <---- 62 (0)
[0]: 10 <---- 45 (0)
[0]: 10 <---- 38 (0)
[0]: 11 <---- 47 (0)
[0]: 11 <---- 62 (-2)
[0]: 11 <---- 39 (-2)
[0]: 12 <---- 61 (-2)
[0]: 12 <---- 60 (-2)
[0]: 12 <---- 40 (-2)
[0]: 13 <---- 59 (-2)
[0]: 13 <---- 39 (0)
[0]: 13 <---- 40 (0)
[0]: 14 <---- 48 (0)
[0]: 14 <---- 49 (0)
[0]: 14 <---- 50 (0)
[0]: 15 <---- 48 (-2)
[0]: 15 <---- 51 (0)
[0]: 15 <---- 46 (-2)
[0]: 16 <---- 52 (0)
[0]: 16 <---- 56 (-2)
[0]: 16 <---- 41 (-2)
[0]: 17 <---- 55 (-2)
[0]: 17 <---- 51 (-2)
[0]: 17 <---- 41 (0)
[0]: 32 <---- 18 (0)
[0]: 32 <---- 27 (0)
[0]: 33 <---- 21 (0)
[0]: 33 <---- 28 (0)
[0]: 34 <---- 28 (0)
[0]: 34 <---- 29 (0)
[0]: 35 <---- 27 (0)
[0]: 35 <---- 30 (0)
[0]: 36 <---- 30 (0)
[0]: 36 <---- 29 (0)
[0]: 37 <---- 29 (0)
[0]: 37 <---- 27 (0)
[0]: 38 <---- 23 (0)
[0]: 38 <---- 31 (0)
[0]: 39 <---- 19 (0)
[0]: 39 <---- 31 (0)
[0]: 40 <---- 31 (0)
[0]: 40 <---- 30 (0)
[0]: 41 <---- 25 (0)
[0]: 41 <---- 28 (0)
[0]: 42 <---- 18 (0)
[0]: 42 <---- 19 (0)
[0]: 43 <---- 21 (0)
[0]: 43 <---- 18 (0)
[0]: 44 <---- 24 (0)
[0]: 44 <---- 21 (0)
[0]: 45 <---- 20 (0)
[0]: 45 <---- 23 (0)
[0]: 46 <---- 23 (0)
[0]: 46 <---- 22 (0)
[0]: 47 <---- 19 (0)
[0]: 47 <---- 20 (0)
[0]: 48 <---- 25 (0)
[0]: 48 <---- 23 (0)
[0]: 49 <---- 23 (0)
[0]: 49 <---- 26 (0)
[0]: 50 <---- 26 (0)
[0]: 50 <---- 25 (0)
[0]: 51 <---- 25 (0)
[0]: 51 <---- 22 (0)
[0]: 52 <---- 25 (0)
[0]: 52 <---- 24 (0)
[0]: 53 <---- 19 (0)
[0]: 53 <---- 27 (0)
[0]: 54 <---- 27 (0)
[0]: 54 <---- 21 (0)
[0]: 55 <---- 22 (0)
[0]: 55 <---- 28 (0)
[0]: 56 <---- 28 (0)
[0]: 56 <---- 24 (0)
[0]: 57 <---- 21 (0)
[0]: 57 <---- 29 (0)
[0]: 58 <---- 29 (0)
[0]: 58 <---- 22 (0)
[0]: 59 <---- 19 (0)
[0]: 59 <---- 30 (0)
[0]: 60 <---- 30 (0)
[0]: 60 <---- 22 (0)
[0]: 61 <---- 22 (0)
[0]: 61 <---- 31 (0)
[0]: 62 <---- 31 (0)
[0]: 62 <---- 20 (0)
coordinates with 1 fields
  field 0 with 2 components
Process 0:
  (  18) dim  2 offset   0 0. 0.
  (  19) dim  2 offset   2 0.5 0.
  (  20) dim  2 offset   4 1. 0.
  (  21) dim  2 offset   6 0. 0.5
  (  22) dim  2 offset   8 0.5 0.5
  (  23) dim  2 offset  10 1. 0.5
  (  24) dim  2 offset  12 0. 1.
  (  25) dim  2 offset  14 0.5 1.
  (  26) dim  2 offset  16 1. 1.
  (  27) dim  2 offset  18 0.25 0.25
  (  28) dim  2 offset  20 0.25 0.75
  (  29) dim  2 offset  22 0.25 0.5
  (  30) dim  2 offset  24 0.5 0.25
  (  31) dim  2 offset  26 0.75 0.25
Label 'marker':
[0]: 18 (1)
[0]: 19 (1)
[0]: 20 (1)
[0]: 21 (1)
[0]: 23 (1)
[0]: 24 (1)
[0]: 25 (1)
[0]: 26 (1)
[0]: 42 (1)
[0]: 43 (1)
[0]: 44 (1)
[0]: 45 (1)
[0]: 47 (1)
[0]: 49 (1)
[0]: 50 (1)
[0]: 52 (1)
Label 'celltype':
[0]: 32 (1)
[0]: 33 (1)
[0]: 34 (1)
[0]: 35 (1)
[0]: 36 (1)
[0]: 37 (1)
[0]: 38 (1)
[0]: 39 (1)
[0]: 40 (1)
[0]: 41 (1)
[0]: 42 (1)
[0]: 43 (1)
[0]: 44 (1)
[0]: 45 (1)
[0]: 46 (1)
[0]: 47 (1)
[0]: 48 (1)
[0]: 49 (1)
[0]: 50 (1)
[0]: 51 (1)
[0]: 52 (1)
[0]: 53 (1)
[0]: 54 (1)
[0]: 55 (1)
[0]: 56 (1)
[0]: 57 (1)
[0]: 58 (1)
[0]: 59 (1)
[0]: 60 (1)
[0]: 61 (1)
[0]: 62 (1)
[0]: 0 (3)
[0]: 1 (3)
[0]: 2 (3)
[0]: 3 (3)
[0]: 4 (3)
[0]: 5 (3)
[0]: 6 (3)
[0]: 7 (3)
[0]: 8 (3)
[0]: 9 (3)
[0]: 10 (3)
[0]: 11 (3)
[0]: 12 (3)
[0]: 13 (3)
[0]: 14 (3)
[0]: 15 (3)
[0]: 16 (3)
[0]: 17 (3)
[0]: 18 (0)
[0]: 19 (0)
[0]: 20 (0)
[0]: 21 (0)
[0]: 22 (0)
[0]: 23 (0)
[0]: 24 (0)
[0]: 25 (0)
[0]: 26 (0)
[0]: 27 (0)
[0]: 28 (0)
[0]: 29 (0)
[0]: 30 (0)
[0]: 31 (0)
