Label 'subpoint_map':
[0]: 26 (2)
[0]: 31 (2)
[0]: 44 (1)
[0]: 47 (1)
[0]: 50 (1)
[0]: 53 (1)
[0]: 56 (1)
[0]: 57 (1)
[0]: 7 (0)
[0]: 8 (0)
[0]: 16 (0)
[0]: 17 (0)
[0]: -5 (3)
[0]: 0 (103)
[0]: 1 (103)
[0]: 22 (102)
[0]: 23 (102)
[0]: 24 (102)
[0]: 25 (102)
[0]: 28 (102)
[0]: 29 (102)
[0]: 2 (-103)
[0]: 3 (-103)
[0]: 33 (-102)
[0]: 34 (-102)
[0]: 35 (-102)
[0]: 36 (-102)
[0]: 38 (-102)
[0]: 39 (-102)
[0]: 43 (101)
[0]: 45 (101)
[0]: 46 (101)
[0]: 48 (101)
[0]: 62 (-101)
[0]: 64 (-101)
[0]: 65 (-101)
[0]: 67 (-101)
[0]: 61 (201)
[0]: 9 (200)
[0]: 18 (200)
Label 'subpoint_map split':
[0]: 9 (100)
[0]: 10 (100)
[0]: 18 (100)
[0]: 19 (100)
[0]: 24 (-100)
[0]: 25 (-100)
[0]: 26 (-100)
[0]: 27 (-100)
[0]: 59 (101)
[0]: 62 (101)
[0]: 65 (101)
[0]: 68 (101)
[0]: 71 (101)
[0]: 72 (101)
[0]: 90 (-101)
[0]: 91 (-101)
[0]: 92 (-101)
[0]: 93 (-101)
[0]: 94 (-101)
[0]: 95 (-101)
[0]: 32 (102)
[0]: 37 (102)
[0]: 48 (-102)
[0]: 49 (-102)
Label 'cohesive':
[0]: 4 (1)
[0]: 5 (1)
[0]: 50 (1)
[0]: 51 (1)
[0]: 52 (1)
[0]: 53 (1)
[0]: 54 (1)
[0]: 55 (1)
[0]: 56 (1)
[0]: 96 (1)
[0]: 97 (1)
[0]: 98 (1)
[0]: 99 (1)
[0]: 100 (1)
[0]: 101 (1)
Discrete System with 1 fields
    cell total dim 24 total comp 3
  Field displacement FEM3 components (implicit) (Nq 8 Nqc 1) 1-jet
    PetscFE Object: displacement (displacement_) 1 MPI processes
      type: basic
      Basic Finite Element in 3 dimensions with 3 components
      PetscSpace Object: displacement (displacement_) 1 MPI processes
        type: poly
        Space in 3 variables with 3 components, size 24
        Tensor polynomial space of degree 1
      PetscDualSpace Object: displacement (displacement_) 1 MPI processes
        type: lagrange
        Dual space with 3 components, size 24
        Continuous tensor Lagrange dual space
        Quadrature of order 3 on 8 points (dim 3)
  Weak Form System with 1 fields
Discrete System with 2 fields
    cell total dim 36 total comp 6
    hybrid cell
  Field displacement FEM3 components (implicit) (Nq 4 Nqc 1) 1-jet
    PetscFE Object: displacement 1 MPI processes
      type: basic
      Basic Finite Element in 2 dimensions with 3 components
      PetscSpace Object: displacement 1 MPI processes
        type: poly
        Space in 2 variables with 3 components, size 12
        Tensor polynomial space of degree 1
      PetscDualSpace Object: displacement 1 MPI processes
        type: lagrange
        Dual space with 3 components, size 12
        Continuous tensor Lagrange dual space
        Quadrature of order 3 on 4 points (dim 2)
  Field fault traction FEM3 components (implicit) (Nq 4 Nqc 1) 1-jet
    PetscFE Object: fault traction (faulttraction_) 1 MPI processes
      type: basic
      Basic Finite Element in 2 dimensions with 3 components
      PetscSpace Object: fault traction (faulttraction_) 1 MPI processes
        type: poly
        Space in 2 variables with 3 components, size 12
        Tensor polynomial space of degree 1
      PetscDualSpace Object: fault traction (faulttraction_) 1 MPI processes
        type: lagrange
        Dual space with 3 components, size 12
        Continuous tensor Lagrange dual space
        Quadrature of order 3 on 4 points (dim 2)
  Weak Form System with 2 fields
