Label 'subpoint_map':
[0]: 10 (2)
[0]: 19 (2)
[0]: 22 (1)
[0]: 23 (1)
[0]: 24 (1)
[0]: 32 (1)
[0]: 33 (1)
[0]: 5 (0)
[0]: 6 (0)
[0]: 7 (0)
[0]: 8 (0)
[0]: 0 (103)
[0]: 3 (103)
[0]: 11 (102)
[0]: 12 (102)
[0]: 13 (102)
[0]: 20 (102)
[0]: 21 (102)
[0]: 1 (-103)
[0]: 2 (-103)
[0]: 14 (-102)
[0]: 15 (-102)
[0]: 16 (-102)
[0]: 17 (-102)
[0]: 18 (-102)
[0]: 25 (101)
[0]: 26 (101)
[0]: 27 (101)
[0]: 34 (101)
[0]: 28 (-101)
[0]: 29 (-101)
[0]: 30 (-101)
[0]: 31 (-101)
Label 'subpoint_map split':
[0]: 7 (100)
[0]: 8 (100)
[0]: 9 (100)
[0]: 10 (100)
[0]: 12 (-100)
[0]: 13 (-100)
[0]: 14 (-100)
[0]: 15 (-100)
[0]: 35 (101)
[0]: 36 (101)
[0]: 37 (101)
[0]: 45 (101)
[0]: 46 (101)
[0]: 48 (-101)
[0]: 49 (-101)
[0]: 50 (-101)
[0]: 51 (-101)
[0]: 52 (-101)
[0]: 16 (102)
[0]: 25 (102)
[0]: 28 (-102)
[0]: 29 (-102)
Label 'cohesive':
[0]: 4 (1)
[0]: 5 (1)
[0]: 30 (1)
[0]: 31 (1)
[0]: 32 (1)
[0]: 33 (1)
[0]: 34 (1)
[0]: 53 (1)
[0]: 54 (1)
[0]: 55 (1)
[0]: 56 (1)
Discrete System with 1 fields
    cell total dim 12 total comp 3
  Field displacement FEM3 components (implicit) (Nq 8 Nqc 1) 1-jet
    PetscFE Object: displacement (displacement_) 1 MPI processes
      type: basic
      Basic Finite Element in 3 dimensions with 3 components
      PetscSpace Object: displacement (displacement_) 1 MPI processes
        type: poly
        Space in 3 variables with 3 components, size 12
        Polynomial space of degree 1
      PetscDualSpace Object: displacement (displacement_) 1 MPI processes
        type: lagrange
        Dual space with 3 components, size 12
        Continuous Lagrange dual space
        Quadrature of order 3 on 8 points (dim 3)
  Weak Form System with 1 fields
Discrete System with 2 fields
    cell total dim 27 total comp 6
    hybrid cell
  Field displacement FEM3 components (implicit) (Nq 4 Nqc 1) 1-jet
    PetscFE Object: displacement 1 MPI processes
      type: basic
      Basic Finite Element in 2 dimensions with 3 components
      PetscSpace Object: displacement 1 MPI processes
        type: poly
        Space in 2 variables with 3 components, size 9
        Polynomial space of degree 1
      PetscDualSpace Object: displacement 1 MPI processes
        type: lagrange
        Dual space with 3 components, size 9
        Continuous Lagrange dual space
        Quadrature of order 3 on 4 points (dim 2)
  Field fault traction FEM3 components (implicit) (Nq 4 Nqc 1) 1-jet
    PetscFE Object: fault traction (faulttraction_) 1 MPI processes
      type: basic
      Basic Finite Element in 2 dimensions with 3 components
      PetscSpace Object: fault traction (faulttraction_) 1 MPI processes
        type: poly
        Space in 2 variables with 3 components, size 9
        Polynomial space of degree 1
      PetscDualSpace Object: fault traction (faulttraction_) 1 MPI processes
        type: lagrange
        Dual space with 3 components, size 9
        Continuous Lagrange dual space
        Quadrature of order 3 on 4 points (dim 2)
  Weak Form System with 2 fields
PetscSection Object: 1 MPI processes
  type not yet set
2 fields
  field 0 with 3 components
Process 0:
  (   0) dim  0 offset   0
  (   1) dim  0 offset   0
  (   2) dim  0 offset   0
  (   3) dim  0 offset   0
  (   4) dim  0 offset   0
  (   5) dim  0 offset   0
  (   6) dim  3 offset   0
  (   7) dim  3 offset   3
  (   8) dim  3 offset   6
  (   9) dim  3 offset   9
  (  10) dim  3 offset  12
  (  11) dim  3 offset  15
  (  12) dim  3 offset  18
  (  13) dim  3 offset  21
  (  14) dim  3 offset  24
  (  15) dim  3 offset  27
  (  16) dim  0 offset  30
  (  17) dim  0 offset  30
  (  18) dim  0 offset  30
  (  19) dim  0 offset  30
  (  20) dim  0 offset  30
  (  21) dim  0 offset  30
  (  22) dim  0 offset  30
  (  23) dim  0 offset  30
  (  24) dim  0 offset  30
  (  25) dim  0 offset  30
  (  26) dim  0 offset  30
  (  27) dim  0 offset  30
  (  28) dim  0 offset  30
  (  29) dim  0 offset  30
  (  30) dim  0 offset  30
  (  31) dim  0 offset  30
  (  32) dim  0 offset  30
  (  33) dim  0 offset  30
  (  34) dim  0 offset  30
  (  35) dim  0 offset  30
  (  36) dim  0 offset  30
  (  37) dim  0 offset  30
  (  38) dim  0 offset  30
  (  39) dim  0 offset  30
  (  40) dim  0 offset  30
  (  41) dim  0 offset  30
  (  42) dim  0 offset  30
  (  43) dim  0 offset  30
  (  44) dim  0 offset  30
  (  45) dim  0 offset  30
  (  46) dim  0 offset  30
  (  47) dim  0 offset  30
  (  48) dim  0 offset  30
  (  49) dim  0 offset  30
  (  50) dim  0 offset  30
  (  51) dim  0 offset  30
  (  52) dim  0 offset  30
  (  53) dim  0 offset  30
  (  54) dim  0 offset  33
  (  55) dim  0 offset  36
  (  56) dim  0 offset  39
  field 1 with 3 components
Process 0:
  (   0) dim  0 offset   0
  (   1) dim  0 offset   0
  (   2) dim  0 offset   0
  (   3) dim  0 offset   0
  (   4) dim  0 offset   0
  (   5) dim  0 offset   0
  (   6) dim  0 offset   3
  (   7) dim  0 offset   6
  (   8) dim  0 offset   9
  (   9) dim  0 offset  12
  (  10) dim  0 offset  15
  (  11) dim  0 offset  18
  (  12) dim  0 offset  21
  (  13) dim  0 offset  24
  (  14) dim  0 offset  27
  (  15) dim  0 offset  30
  (  16) dim  0 offset  30
  (  17) dim  0 offset  30
  (  18) dim  0 offset  30
  (  19) dim  0 offset  30
  (  20) dim  0 offset  30
  (  21) dim  0 offset  30
  (  22) dim  0 offset  30
  (  23) dim  0 offset  30
  (  24) dim  0 offset  30
  (  25) dim  0 offset  30
  (  26) dim  0 offset  30
  (  27) dim  0 offset  30
  (  28) dim  0 offset  30
  (  29) dim  0 offset  30
  (  30) dim  0 offset  30
  (  31) dim  0 offset  30
  (  32) dim  0 offset  30
  (  33) dim  0 offset  30
  (  34) dim  0 offset  30
  (  35) dim  0 offset  30
  (  36) dim  0 offset  30
  (  37) dim  0 offset  30
  (  38) dim  0 offset  30
  (  39) dim  0 offset  30
  (  40) dim  0 offset  30
  (  41) dim  0 offset  30
  (  42) dim  0 offset  30
  (  43) dim  0 offset  30
  (  44) dim  0 offset  30
  (  45) dim  0 offset  30
  (  46) dim  0 offset  30
  (  47) dim  0 offset  30
  (  48) dim  0 offset  30
  (  49) dim  0 offset  30
  (  50) dim  0 offset  30
  (  51) dim  0 offset  30
  (  52) dim  0 offset  30
  (  53) dim  3 offset  30
  (  54) dim  3 offset  33
  (  55) dim  3 offset  36
  (  56) dim  3 offset  39
Vec Object: Local Solution 1 MPI processes
  type: seq
-1.
1.
1.
0.
0.
1.
0.
1.
2.
0.
2.
1.
0.
1.
0.
1.
1.
1.
0.
0.
1.
0.
1.
2.
0.
2.
1.
0.
1.
0.
-1.
0.
0.
0.
0.
1.
0.
0.
-1.
1.
0.
0.
Vec Object: Local Residual 1 MPI processes
  type: seq
0.
0.
0.
0.
0.
0.
0.
0.
0.
0.
0.
0.
0.
0.
0.
0.
0.
0.
0.
0.
0.
0.
0.
0.
0.
0.
0.
0.
0.
0.
0.
0.
0.
0.
0.
0.
0.
0.
0.
0.
0.
0.
Mat Object: Jacobian 1 MPI processes
  type: seqaij
row 0: (0, 0.)  (1, 0.)  (2, 0.)  (3, 0.)  (4, 0.)  (5, 0.)  (6, 0.)  (7, 0.)  (8, 0.)  (9, 0.)  (10, 0.)  (11, 0.)  (12, 0.)  (13, 0.)  (14, 0.) 
row 1: (0, 0.)  (1, 0.)  (2, 0.)  (3, 0.)  (4, 0.)  (5, 0.)  (6, 0.)  (7, 0.)  (8, 0.)  (9, 0.)  (10, 0.)  (11, 0.)  (12, 0.)  (13, 0.)  (14, 0.) 
row 2: (0, 0.)  (1, 0.)  (2, 0.)  (3, 0.)  (4, 0.)  (5, 0.)  (6, 0.)  (7, 0.)  (8, 0.)  (9, 0.)  (10, 0.)  (11, 0.)  (12, 0.)  (13, 0.)  (14, 0.) 
row 3: (0, 0.)  (1, 0.)  (2, 0.)  (3, 0.)  (4, 0.)  (5, 0.)  (6, 0.)  (7, 0.)  (8, 0.)  (9, 0.)  (10, 0.)  (11, 0.)  (12, 0.)  (13, 0.)  (14, 0.)  (18, 0.)  (19, 0.)  (20, 0.)  (21, 0.)  (22, 0.)  (23, 0.)  (24, 0.)  (25, 0.)  (26, 0.)  (27, 0.)  (28, 0.)  (29, 0.)  (30, 0.25)  (31, 0.)  (32, 0.)  (33, 0.0833333)  (34, 0.)  (35, 0.)  (36, 0.25)  (37, 0.)  (38, 0.)  (39, 0.0833333)  (40, 0.)  (41, 0.) 
row 4: (0, 0.)  (1, 0.)  (2, 0.)  (3, 0.)  (4, 0.)  (5, 0.)  (6, 0.)  (7, 0.)  (8, 0.)  (9, 0.)  (10, 0.)  (11, 0.)  (12, 0.)  (13, 0.)  (14, 0.)  (18, 0.)  (19, 0.)  (20, 0.)  (21, 0.)  (22, 0.)  (23, 0.)  (24, 0.)  (25, 0.)  (26, 0.)  (27, 0.)  (28, 0.)  (29, 0.)  (30, 0.)  (31, 0.25)  (32, 0.)  (33, 0.)  (34, 0.0833333)  (35, 0.)  (36, 0.)  (37, 0.25)  (38, 0.)  (39, 0.)  (40, 0.0833333)  (41, 0.) 
row 5: (0, 0.)  (1, 0.)  (2, 0.)  (3, 0.)  (4, 0.)  (5, 0.)  (6, 0.)  (7, 0.)  (8, 0.)  (9, 0.)  (10, 0.)  (11, 0.)  (12, 0.)  (13, 0.)  (14, 0.)  (18, 0.)  (19, 0.)  (20, 0.)  (21, 0.)  (22, 0.)  (23, 0.)  (24, 0.)  (25, 0.)  (26, 0.)  (27, 0.)  (28, 0.)  (29, 0.)  (30, 0.)  (31, 0.)  (32, 0.25)  (33, 0.)  (34, 0.)  (35, 0.0833333)  (36, 0.)  (37, 0.)  (38, 0.25)  (39, 0.)  (40, 0.)  (41, 0.0833333) 
row 6: (0, 0.)  (1, 0.)  (2, 0.)  (3, 0.)  (4, 0.)  (5, 0.)  (6, 0.)  (7, 0.)  (8, 0.)  (9, 0.)  (10, 0.)  (11, 0.)  (18, 0.)  (19, 0.)  (20, 0.)  (21, 0.)  (22, 0.)  (23, 0.)  (24, 0.)  (25, 0.)  (26, 0.)  (30, 0.0833333)  (31, 0.)  (32, 0.)  (33, 0.166667)  (34, 0.)  (35, 0.)  (36, 0.0833333)  (37, 0.)  (38, 0.) 
row 7: (0, 0.)  (1, 0.)  (2, 0.)  (3, 0.)  (4, 0.)  (5, 0.)  (6, 0.)  (7, 0.)  (8, 0.)  (9, 0.)  (10, 0.)  (11, 0.)  (18, 0.)  (19, 0.)  (20, 0.)  (21, 0.)  (22, 0.)  (23, 0.)  (24, 0.)  (25, 0.)  (26, 0.)  (30, 0.)  (31, 0.0833333)  (32, 0.)  (33, 0.)  (34, 0.166667)  (35, 0.)  (36, 0.)  (37, 0.0833333)  (38, 0.) 
row 8: (0, 0.)  (1, 0.)  (2, 0.)  (3, 0.)  (4, 0.)  (5, 0.)  (6, 0.)  (7, 0.)  (8, 0.)  (9, 0.)  (10, 0.)  (11, 0.)  (18, 0.)  (19, 0.)  (20, 0.)  (21, 0.)  (22, 0.)  (23, 0.)  (24, 0.)  (25, 0.)  (26, 0.)  (30, 0.)  (31, 0.)  (32, 0.0833333)  (33, 0.)  (34, 0.)  (35, 0.166667)  (36, 0.)  (37, 0.)  (38, 0.0833333) 
row 9: (0, 0.)  (1, 0.)  (2, 0.)  (3, 0.)  (4, 0.)  (5, 0.)  (6, 0.)  (7, 0.)  (8, 0.)  (9, 0.)  (10, 0.)  (11, 0.)  (12, 0.)  (13, 0.)  (14, 0.)  (18, 0.)  (19, 0.)  (20, 0.)  (21, 0.)  (22, 0.)  (23, 0.)  (24, 0.)  (25, 0.)  (26, 0.)  (27, 0.)  (28, 0.)  (29, 0.)  (30, 0.25)  (31, 0.)  (32, 0.)  (33, 0.0833333)  (34, 0.)  (35, 0.)  (36, 0.25)  (37, 0.)  (38, 0.)  (39, 0.0833333)  (40, 0.)  (41, 0.) 
row 10: (0, 0.)  (1, 0.)  (2, 0.)  (3, 0.)  (4, 0.)  (5, 0.)  (6, 0.)  (7, 0.)  (8, 0.)  (9, 0.)  (10, 0.)  (11, 0.)  (12, 0.)  (13, 0.)  (14, 0.)  (18, 0.)  (19, 0.)  (20, 0.)  (21, 0.)  (22, 0.)  (23, 0.)  (24, 0.)  (25, 0.)  (26, 0.)  (27, 0.)  (28, 0.)  (29, 0.)  (30, 0.)  (31, 0.25)  (32, 0.)  (33, 0.)  (34, 0.0833333)  (35, 0.)  (36, 0.)  (37, 0.25)  (38, 0.)  (39, 0.)  (40, 0.0833333)  (41, 0.) 
row 11: (0, 0.)  (1, 0.)  (2, 0.)  (3, 0.)  (4, 0.)  (5, 0.)  (6, 0.)  (7, 0.)  (8, 0.)  (9, 0.)  (10, 0.)  (11, 0.)  (12, 0.)  (13, 0.)  (14, 0.)  (18, 0.)  (19, 0.)  (20, 0.)  (21, 0.)  (22, 0.)  (23, 0.)  (24, 0.)  (25, 0.)  (26, 0.)  (27, 0.)  (28, 0.)  (29, 0.)  (30, 0.)  (31, 0.)  (32, 0.25)  (33, 0.)  (34, 0.)  (35, 0.0833333)  (36, 0.)  (37, 0.)  (38, 0.25)  (39, 0.)  (40, 0.)  (41, 0.0833333) 
row 12: (0, 0.)  (1, 0.)  (2, 0.)  (3, 0.)  (4, 0.)  (5, 0.)  (9, 0.)  (10, 0.)  (11, 0.)  (12, 0.)  (13, 0.)  (14, 0.)  (18, 0.)  (19, 0.)  (20, 0.)  (24, 0.)  (25, 0.)  (26, 0.)  (27, 0.)  (28, 0.)  (29, 0.)  (30, 0.0833333)  (31, 0.)  (32, 0.)  (36, 0.0833333)  (37, 0.)  (38, 0.)  (39, 0.166667)  (40, 0.)  (41, 0.) 
row 13: (0, 0.)  (1, 0.)  (2, 0.)  (3, 0.)  (4, 0.)  (5, 0.)  (9, 0.)  (10, 0.)  (11, 0.)  (12, 0.)  (13, 0.)  (14, 0.)  (18, 0.)  (19, 0.)  (20, 0.)  (24, 0.)  (25, 0.)  (26, 0.)  (27, 0.)  (28, 0.)  (29, 0.)  (30, 0.)  (31, 0.0833333)  (32, 0.)  (36, 0.)  (37, 0.0833333)  (38, 0.)  (39, 0.)  (40, 0.166667)  (41, 0.) 
row 14: (0, 0.)  (1, 0.)  (2, 0.)  (3, 0.)  (4, 0.)  (5, 0.)  (9, 0.)  (10, 0.)  (11, 0.)  (12, 0.)  (13, 0.)  (14, 0.)  (18, 0.)  (19, 0.)  (20, 0.)  (24, 0.)  (25, 0.)  (26, 0.)  (27, 0.)  (28, 0.)  (29, 0.)  (30, 0.)  (31, 0.)  (32, 0.0833333)  (36, 0.)  (37, 0.)  (38, 0.0833333)  (39, 0.)  (40, 0.)  (41, 0.166667) 
row 15: (15, 0.)  (16, 0.)  (17, 0.)  (18, 0.)  (19, 0.)  (20, 0.)  (21, 0.)  (22, 0.)  (23, 0.)  (24, 0.)  (25, 0.)  (26, 0.)  (27, 0.)  (28, 0.)  (29, 0.) 
row 16: (15, 0.)  (16, 0.)  (17, 0.)  (18, 0.)  (19, 0.)  (20, 0.)  (21, 0.)  (22, 0.)  (23, 0.)  (24, 0.)  (25, 0.)  (26, 0.)  (27, 0.)  (28, 0.)  (29, 0.) 
row 17: (15, 0.)  (16, 0.)  (17, 0.)  (18, 0.)  (19, 0.)  (20, 0.)  (21, 0.)  (22, 0.)  (23, 0.)  (24, 0.)  (25, 0.)  (26, 0.)  (27, 0.)  (28, 0.)  (29, 0.) 
row 18: (3, 0.)  (4, 0.)  (5, 0.)  (6, 0.)  (7, 0.)  (8, 0.)  (9, 0.)  (10, 0.)  (11, 0.)  (12, 0.)  (13, 0.)  (14, 0.)  (15, 0.)  (16, 0.)  (17, 0.)  (18, 0.)  (19, 0.)  (20, 0.)  (21, 0.)  (22, 0.)  (23, 0.)  (24, 0.)  (25, 0.)  (26, 0.)  (27, 0.)  (28, 0.)  (29, 0.)  (30, -0.25)  (31, 0.)  (32, 0.)  (33, -0.0833333)  (34, 0.)  (35, 0.)  (36, -0.25)  (37, 0.)  (38, 0.)  (39, -0.0833333)  (40, 0.)  (41, 0.) 
row 19: (3, 0.)  (4, 0.)  (5, 0.)  (6, 0.)  (7, 0.)  (8, 0.)  (9, 0.)  (10, 0.)  (11, 0.)  (12, 0.)  (13, 0.)  (14, 0.)  (15, 0.)  (16, 0.)  (17, 0.)  (18, 0.)  (19, 0.)  (20, 0.)  (21, 0.)  (22, 0.)  (23, 0.)  (24, 0.)  (25, 0.)  (26, 0.)  (27, 0.)  (28, 0.)  (29, 0.)  (30, 0.)  (31, -0.25)  (32, 0.)  (33, 0.)  (34, -0.0833333)  (35, 0.)  (36, 0.)  (37, -0.25)  (38, 0.)  (39, 0.)  (40, -0.0833333)  (41, 0.) 
row 20: (3, 0.)  (4, 0.)  (5, 0.)  (6, 0.)  (7, 0.)  (8, 0.)  (9, 0.)  (10, 0.)  (11, 0.)  (12, 0.)  (13, 0.)  (14, 0.)  (15, 0.)  (16, 0.)  (17, 0.)  (18, 0.)  (19, 0.)  (20, 0.)  (21, 0.)  (22, 0.)  (23, 0.)  (24, 0.)  (25, 0.)  (26, 0.)  (27, 0.)  (28, 0.)  (29, 0.)  (30, 0.)  (31, 0.)  (32, -0.25)  (33, 0.)  (34, 0.)  (35, -0.0833333)  (36, 0.)  (37, 0.)  (38, -0.25)  (39, 0.)  (40, 0.)  (41, -0.0833333) 
row 21: (3, 0.)  (4, 0.)  (5, 0.)  (6, 0.)  (7, 0.)  (8, 0.)  (9, 0.)  (10, 0.)  (11, 0.)  (15, 0.)  (16, 0.)  (17, 0.)  (18, 0.)  (19, 0.)  (20, 0.)  (21, 0.)  (22, 0.)  (23, 0.)  (24, 0.)  (25, 0.)  (26, 0.)  (30, -0.0833333)  (31, 0.)  (32, 0.)  (33, -0.166667)  (34, 0.)  (35, 0.)  (36, -0.0833333)  (37, 0.)  (38, 0.) 
row 22: (3, 0.)  (4, 0.)  (5, 0.)  (6, 0.)  (7, 0.)  (8, 0.)  (9, 0.)  (10, 0.)  (11, 0.)  (15, 0.)  (16, 0.)  (17, 0.)  (18, 0.)  (19, 0.)  (20, 0.)  (21, 0.)  (22, 0.)  (23, 0.)  (24, 0.)  (25, 0.)  (26, 0.)  (30, 0.)  (31, -0.0833333)  (32, 0.)  (33, 0.)  (34, -0.166667)  (35, 0.)  (36, 0.)  (37, -0.0833333)  (38, 0.) 
row 23: (3, 0.)  (4, 0.)  (5, 0.)  (6, 0.)  (7, 0.)  (8, 0.)  (9, 0.)  (10, 0.)  (11, 0.)  (15, 0.)  (16, 0.)  (17, 0.)  (18, 0.)  (19, 0.)  (20, 0.)  (21, 0.)  (22, 0.)  (23, 0.)  (24, 0.)  (25, 0.)  (26, 0.)  (30, 0.)  (31, 0.)  (32, -0.0833333)  (33, 0.)  (34, 0.)  (35, -0.166667)  (36, 0.)  (37, 0.)  (38, -0.0833333) 
row 24: (3, 0.)  (4, 0.)  (5, 0.)  (6, 0.)  (7, 0.)  (8, 0.)  (9, 0.)  (10, 0.)  (11, 0.)  (12, 0.)  (13, 0.)  (14, 0.)  (15, 0.)  (16, 0.)  (17, 0.)  (18, 0.)  (19, 0.)  (20, 0.)  (21, 0.)  (22, 0.)  (23, 0.)  (24, 0.)  (25, 0.)  (26, 0.)  (27, 0.)  (28, 0.)  (29, 0.)  (30, -0.25)  (31, 0.)  (32, 0.)  (33, -0.0833333)  (34, 0.)  (35, 0.)  (36, -0.25)  (37, 0.)  (38, 0.)  (39, -0.0833333)  (40, 0.)  (41, 0.) 
row 25: (3, 0.)  (4, 0.)  (5, 0.)  (6, 0.)  (7, 0.)  (8, 0.)  (9, 0.)  (10, 0.)  (11, 0.)  (12, 0.)  (13, 0.)  (14, 0.)  (15, 0.)  (16, 0.)  (17, 0.)  (18, 0.)  (19, 0.)  (20, 0.)  (21, 0.)  (22, 0.)  (23, 0.)  (24, 0.)  (25, 0.)  (26, 0.)  (27, 0.)  (28, 0.)  (29, 0.)  (30, 0.)  (31, -0.25)  (32, 0.)  (33, 0.)  (34, -0.0833333)  (35, 0.)  (36, 0.)  (37, -0.25)  (38, 0.)  (39, 0.)  (40, -0.0833333)  (41, 0.) 
row 26: (3, 0.)  (4, 0.)  (5, 0.)  (6, 0.)  (7, 0.)  (8, 0.)  (9, 0.)  (10, 0.)  (11, 0.)  (12, 0.)  (13, 0.)  (14, 0.)  (15, 0.)  (16, 0.)  (17, 0.)  (18, 0.)  (19, 0.)  (20, 0.)  (21, 0.)  (22, 0.)  (23, 0.)  (24, 0.)  (25, 0.)  (26, 0.)  (27, 0.)  (28, 0.)  (29, 0.)  (30, 0.)  (31, 0.)  (32, -0.25)  (33, 0.)  (34, 0.)  (35, -0.0833333)  (36, 0.)  (37, 0.)  (38, -0.25)  (39, 0.)  (40, 0.)  (41, -0.0833333) 
row 27: (3, 0.)  (4, 0.)  (5, 0.)  (9, 0.)  (10, 0.)  (11, 0.)  (12, 0.)  (13, 0.)  (14, 0.)  (15, 0.)  (16, 0.)  (17, 0.)  (18, 0.)  (19, 0.)  (20, 0.)  (24, 0.)  (25, 0.)  (26, 0.)  (27, 0.)  (28, 0.)  (29, 0.)  (30, -0.0833333)  (31, 0.)  (32, 0.)  (36, -0.0833333)  (37, 0.)  (38, 0.)  (39, -0.166667)  (40, 0.)  (41, 0.) 
row 28: (3, 0.)  (4, 0.)  (5, 0.)  (9, 0.)  (10, 0.)  (11, 0.)  (12, 0.)  (13, 0.)  (14, 0.)  (15, 0.)  (16, 0.)  (17, 0.)  (18, 0.)  (19, 0.)  (20, 0.)  (24, 0.)  (25, 0.)  (26, 0.)  (27, 0.)  (28, 0.)  (29, 0.)  (30, 0.)  (31, -0.0833333)  (32, 0.)  (36, 0.)  (37, -0.0833333)  (38, 0.)  (39, 0.)  (40, -0.166667)  (41, 0.) 
row 29: (3, 0.)  (4, 0.)  (5, 0.)  (9, 0.)  (10, 0.)  (11, 0.)  (12, 0.)  (13, 0.)  (14, 0.)  (15, 0.)  (16, 0.)  (17, 0.)  (18, 0.)  (19, 0.)  (20, 0.)  (24, 0.)  (25, 0.)  (26, 0.)  (27, 0.)  (28, 0.)  (29, 0.)  (30, 0.)  (31, 0.)  (32, -0.0833333)  (36, 0.)  (37, 0.)  (38, -0.0833333)  (39, 0.)  (40, 0.)  (41, -0.166667) 
row 30: (3, 0.25)  (4, 0.)  (5, 0.)  (6, 0.0833333)  (7, 0.)  (8, 0.)  (9, 0.25)  (10, 0.)  (11, 0.)  (12, 0.0833333)  (13, 0.)  (14, 0.)  (18, -0.25)  (19, 0.)  (20, 0.)  (21, -0.0833333)  (22, 0.)  (23, 0.)  (24, -0.25)  (25, 0.)  (26, 0.)  (27, -0.0833333)  (28, 0.)  (29, 0.)  (30, 0.)  (31, 0.)  (32, 0.)  (33, 0.)  (34, 0.)  (35, 0.)  (36, 0.)  (37, 0.)  (38, 0.)  (39, 0.)  (40, 0.)  (41, 0.) 
row 31: (3, 0.)  (4, 0.25)  (5, 0.)  (6, 0.)  (7, 0.0833333)  (8, 0.)  (9, 0.)  (10, 0.25)  (11, 0.)  (12, 0.)  (13, 0.0833333)  (14, 0.)  (18, 0.)  (19, -0.25)  (20, 0.)  (21, 0.)  (22, -0.0833333)  (23, 0.)  (24, 0.)  (25, -0.25)  (26, 0.)  (27, 0.)  (28, -0.0833333)  (29, 0.)  (30, 0.)  (31, 0.)  (32, 0.)  (33, 0.)  (34, 0.)  (35, 0.)  (36, 0.)  (37, 0.)  (38, 0.)  (39, 0.)  (40, 0.)  (41, 0.) 
row 32: (3, 0.)  (4, 0.)  (5, 0.25)  (6, 0.)  (7, 0.)  (8, 0.0833333)  (9, 0.)  (10, 0.)  (11, 0.25)  (12, 0.)  (13, 0.)  (14, 0.0833333)  (18, 0.)  (19, 0.)  (20, -0.25)  (21, 0.)  (22, 0.)  (23, -0.0833333)  (24, 0.)  (25, 0.)  (26, -0.25)  (27, 0.)  (28, 0.)  (29, -0.0833333)  (30, 0.)  (31, 0.)  (32, 0.)  (33, 0.)  (34, 0.)  (35, 0.)  (36, 0.)  (37, 0.)  (38, 0.)  (39, 0.)  (40, 0.)  (41, 0.) 
row 33: (3, 0.0833333)  (4, 0.)  (5, 0.)  (6, 0.166667)  (7, 0.)  (8, 0.)  (9, 0.0833333)  (10, 0.)  (11, 0.)  (18, -0.0833333)  (19, 0.)  (20, 0.)  (21, -0.166667)  (22, 0.)  (23, 0.)  (24, -0.0833333)  (25, 0.)  (26, 0.)  (30, 0.)  (31, 0.)  (32, 0.)  (33, 0.)  (34, 0.)  (35, 0.)  (36, 0.)  (37, 0.)  (38, 0.) 
row 34: (3, 0.)  (4, 0.0833333)  (5, 0.)  (6, 0.)  (7, 0.166667)  (8, 0.)  (9, 0.)  (10, 0.0833333)  (11, 0.)  (18, 0.)  (19, -0.0833333)  (20, 0.)  (21, 0.)  (22, -0.166667)  (23, 0.)  (24, 0.)  (25, -0.0833333)  (26, 0.)  (30, 0.)  (31, 0.)  (32, 0.)  (33, 0.)  (34, 0.)  (35, 0.)  (36, 0.)  (37, 0.)  (38, 0.) 
row 35: (3, 0.)  (4, 0.)  (5, 0.0833333)  (6, 0.)  (7, 0.)  (8, 0.166667)  (9, 0.)  (10, 0.)  (11, 0.0833333)  (18, 0.)  (19, 0.)  (20, -0.0833333)  (21, 0.)  (22, 0.)  (23, -0.166667)  (24, 0.)  (25, 0.)  (26, -0.0833333)  (30, 0.)  (31, 0.)  (32, 0.)  (33, 0.)  (34, 0.)  (35, 0.)  (36, 0.)  (37, 0.)  (38, 0.) 
row 36: (3, 0.25)  (4, 0.)  (5, 0.)  (6, 0.0833333)  (7, 0.)  (8, 0.)  (9, 0.25)  (10, 0.)  (11, 0.)  (12, 0.0833333)  (13, 0.)  (14, 0.)  (18, -0.25)  (19, 0.)  (20, 0.)  (21, -0.0833333)  (22, 0.)  (23, 0.)  (24, -0.25)  (25, 0.)  (26, 0.)  (27, -0.0833333)  (28, 0.)  (29, 0.)  (30, 0.)  (31, 0.)  (32, 0.)  (33, 0.)  (34, 0.)  (35, 0.)  (36, 0.)  (37, 0.)  (38, 0.)  (39, 0.)  (40, 0.)  (41, 0.) 
row 37: (3, 0.)  (4, 0.25)  (5, 0.)  (6, 0.)  (7, 0.0833333)  (8, 0.)  (9, 0.)  (10, 0.25)  (11, 0.)  (12, 0.)  (13, 0.0833333)  (14, 0.)  (18, 0.)  (19, -0.25)  (20, 0.)  (21, 0.)  (22, -0.0833333)  (23, 0.)  (24, 0.)  (25, -0.25)  (26, 0.)  (27, 0.)  (28, -0.0833333)  (29, 0.)  (30, 0.)  (31, 0.)  (32, 0.)  (33, 0.)  (34, 0.)  (35, 0.)  (36, 0.)  (37, 0.)  (38, 0.)  (39, 0.)  (40, 0.)  (41, 0.) 
row 38: (3, 0.)  (4, 0.)  (5, 0.25)  (6, 0.)  (7, 0.)  (8, 0.0833333)  (9, 0.)  (10, 0.)  (11, 0.25)  (12, 0.)  (13, 0.)  (14, 0.0833333)  (18, 0.)  (19, 0.)  (20, -0.25)  (21, 0.)  (22, 0.)  (23, -0.0833333)  (24, 0.)  (25, 0.)  (26, -0.25)  (27, 0.)  (28, 0.)  (29, -0.0833333)  (30, 0.)  (31, 0.)  (32, 0.)  (33, 0.)  (34, 0.)  (35, 0.)  (36, 0.)  (37, 0.)  (38, 0.)  (39, 0.)  (40, 0.)  (41, 0.) 
row 39: (3, 0.0833333)  (4, 0.)  (5, 0.)  (9, 0.0833333)  (10, 0.)  (11, 0.)  (12, 0.166667)  (13, 0.)  (14, 0.)  (18, -0.0833333)  (19, 0.)  (20, 0.)  (24, -0.0833333)  (25, 0.)  (26, 0.)  (27, -0.166667)  (28, 0.)  (29, 0.)  (30, 0.)  (31, 0.)  (32, 0.)  (36, 0.)  (37, 0.)  (38, 0.)  (39, 0.)  (40, 0.)  (41, 0.) 
row 40: (3, 0.)  (4, 0.0833333)  (5, 0.)  (9, 0.)  (10, 0.0833333)  (11, 0.)  (12, 0.)  (13, 0.166667)  (14, 0.)  (18, 0.)  (19, -0.0833333)  (20, 0.)  (24, 0.)  (25, -0.0833333)  (26, 0.)  (27, 0.)  (28, -0.166667)  (29, 0.)  (30, 0.)  (31, 0.)  (32, 0.)  (36, 0.)  (37, 0.)  (38, 0.)  (39, 0.)  (40, 0.)  (41, 0.) 
row 41: (3, 0.)  (4, 0.)  (5, 0.0833333)  (9, 0.)  (10, 0.)  (11, 0.0833333)  (12, 0.)  (13, 0.)  (14, 0.166667)  (18, 0.)  (19, 0.)  (20, -0.0833333)  (24, 0.)  (25, 0.)  (26, -0.0833333)  (27, 0.)  (28, 0.)  (29, -0.166667)  (30, 0.)  (31, 0.)  (32, 0.)  (36, 0.)  (37, 0.)  (38, 0.)  (39, 0.)  (40, 0.)  (41, 0.) 
