DM Object: cubit(FourSquareQ-large.exo): 12/02/2017: 09:20:39 2 MPI processes
  type: plex
cubit(FourSquareQ-large.exo): 12/02/2017: 09:20:39 in 2 dimensions:
  0-cells: 49 0
  1-cells: 84 0
  2-cells: 36 0
Labels:
  celltype: 3 strata with value/size (0 (49), 4 (36), 1 (84))
  depth: 3 strata with value/size (0 (49), 1 (84), 2 (36))
  Cell Sets: 4 strata with value/size (1 (9), 2 (9), 3 (9), 5 (9))
PetscViewer Object: 2 MPI processes
  type: exodusii
  Filename:    FourSquareQ-large_out.exo
  exoid:       -1
  IO Mode:     1
  Mesh order:  2
PetscViewer Object: 2 MPI processes
  type: exodusii
  Filename:    FourSquareQ-large_out.exo
  exoid:       65536
  IO Mode:     1
  Mesh order:  2
DM Object: Parallel Mesh 2 MPI processes
  type: plex
Parallel Mesh in 2 dimensions:
  0-cells: 28 28
  1-cells: 45 45
  2-cells: 18 18
Labels:
  depth: 3 strata with value/size (0 (28), 1 (45), 2 (18))
  celltype: 3 strata with value/size (0 (28), 1 (45), 4 (18))
  Cell Sets: 2 strata with value/size (1 (9), 2 (9))
PetscSection Object: 2 MPI processes
  type not yet set
3 fields
  field 0 with 2 components
Process 0:
  (   0) dim  2 offset   0
  (   1) dim  2 offset   6
  (   2) dim  2 offset  12
  (   3) dim  2 offset  18
  (   4) dim  2 offset  24
  (   5) dim  2 offset  30
  (   6) dim  2 offset  36
  (   7) dim  2 offset  42
  (   8) dim  2 offset  48
  (   9) dim  2 offset  54
  (  10) dim  2 offset  60
  (  11) dim  2 offset  66
  (  12) dim  2 offset  72
  (  13) dim  2 offset  78
  (  14) dim  2 offset  84
  (  15) dim  2 offset  90
  (  16) dim  2 offset  96
  (  17) dim  2 offset 102
  (  18) dim  2 offset 108
  (  19) dim  2 offset 111
  (  20) dim  2 offset 114
  (  21) dim  2 offset 117
  (  22) dim  2 offset 120
  (  23) dim  2 offset 123
  (  24) dim  2 offset 126
  (  25) dim  2 offset 129
  (  26) dim  2 offset 132
  (  27) dim  2 offset 135
  (  28) dim  2 offset 138
  (  29) dim  2 offset 141
  (  30) dim  2 offset 144
  (  31) dim  2 offset 147
  (  32) dim  2 offset 150
  (  33) dim  2 offset 153
  (  34) dim  2 offset 156
  (  35) dim  2 offset 159
  (  36) dim  2 offset 162
  (  37) dim  2 offset 165
  (  38) dim  2 offset 168
  (  39) dim  2 offset 171
  (  40) dim  2 offset 174
  (  41) dim  2 offset 177
  (  42) dim  2 offset 180
  (  43) dim  2 offset 183
  (  44) dim  2 offset 186
  (  45) dim  2 offset 189
  (  46) dim  2 offset 192
  (  47) dim  2 offset 195
  (  48) dim  2 offset 198
  (  49) dim  2 offset 201
  (  50) dim  2 offset 204
  (  51) dim  2 offset 207
  (  52) dim  2 offset 210
  (  53) dim  2 offset 213
  (  54) dim  2 offset 216
  (  55) dim  2 offset 219
  (  56) dim  2 offset 222
  (  57) dim  2 offset 225
  (  58) dim  2 offset 228
  (  59) dim  2 offset 231
  (  60) dim  2 offset 234
  (  61) dim  2 offset 237
  (  62) dim  2 offset 240
  (  63) dim  2 offset 243
  (  64) dim  2 offset 246
  (  65) dim  2 offset 249
  (  66) dim  2 offset 252
  (  67) dim  2 offset 255
  (  68) dim  2 offset 258
  (  69) dim  2 offset 261
  (  70) dim  2 offset 264
  (  71) dim  2 offset 267
  (  72) dim  2 offset 270
  (  73) dim  2 offset 273
  (  74) dim  2 offset 276
  (  75) dim  2 offset 279
  (  76) dim  2 offset 282
  (  77) dim  2 offset 285
  (  78) dim  2 offset 288
  (  79) dim  2 offset 291
  (  80) dim  2 offset 294
  (  81) dim  2 offset 297
  (  82) dim  2 offset 300
  (  83) dim  2 offset 303
  (  84) dim  2 offset 306
  (  85) dim  2 offset 309
  (  86) dim  2 offset 312
  (  87) dim  2 offset 315
  (  88) dim  2 offset 318
  (  89) dim  2 offset 321
  (  90) dim  2 offset 324
Process 1:
  (   0) dim  2 offset   0
  (   1) dim  2 offset   6
  (   2) dim  2 offset  12
  (   3) dim  2 offset  18
  (   4) dim  2 offset  24
  (   5) dim  2 offset  30
  (   6) dim  2 offset  36
  (   7) dim  2 offset  42
  (   8) dim  2 offset  48
  (   9) dim  2 offset  54
  (  10) dim  2 offset  60
  (  11) dim  2 offset  66
  (  12) dim  2 offset  72
  (  13) dim  2 offset  78
  (  14) dim  2 offset  84
  (  15) dim  2 offset  90
  (  16) dim  2 offset  96
  (  17) dim  2 offset 102
  (  18) dim  2 offset 108
  (  19) dim  2 offset 111
  (  20) dim  2 offset 114
  (  21) dim  2 offset 117
  (  22) dim  2 offset 120
  (  23) dim  2 offset 123
  (  24) dim  2 offset 126
  (  25) dim  2 offset 129
  (  26) dim  2 offset 132
  (  27) dim  2 offset 135
  (  28) dim  2 offset 138
  (  29) dim  2 offset 141
  (  30) dim  2 offset 144
  (  31) dim  2 offset 147
  (  32) dim  2 offset 150
  (  33) dim  2 offset 153
  (  34) dim  2 offset 156
  (  35) dim  2 offset 159
  (  36) dim  2 offset 162
  (  37) dim  2 offset 165
  (  38) dim  2 offset 168
  (  39) dim  2 offset 171
  (  40) dim  2 offset 174
  (  41) dim  2 offset 177
  (  42) dim  2 offset 180
  (  43) dim  2 offset 183
  (  44) dim  2 offset 186
  (  45) dim  2 offset 189
  (  46) dim  2 offset 192
  (  47) dim  2 offset 195
  (  48) dim  2 offset 198
  (  49) dim  2 offset 201
  (  50) dim  2 offset 204
  (  51) dim  2 offset 207
  (  52) dim  2 offset 210
  (  53) dim  2 offset 213
  (  54) dim  2 offset 216
  (  55) dim  2 offset 219
  (  56) dim  2 offset 222
  (  57) dim  2 offset 225
  (  58) dim  2 offset 228
  (  59) dim  2 offset 231
  (  60) dim  2 offset 234
  (  61) dim  2 offset 237
  (  62) dim  2 offset 240
  (  63) dim  2 offset 243
  (  64) dim  2 offset 246
  (  65) dim  2 offset 249
  (  66) dim  2 offset 252
  (  67) dim  2 offset 255
  (  68) dim  2 offset 258
  (  69) dim  2 offset 261
  (  70) dim  2 offset 264
  (  71) dim  2 offset 267
  (  72) dim  2 offset 270
  (  73) dim  2 offset 273
  (  74) dim  2 offset 276
  (  75) dim  2 offset 279
  (  76) dim  2 offset 282
  (  77) dim  2 offset 285
  (  78) dim  2 offset 288
  (  79) dim  2 offset 291
  (  80) dim  2 offset 294
  (  81) dim  2 offset 297
  (  82) dim  2 offset 300
  (  83) dim  2 offset 303
  (  84) dim  2 offset 306
  (  85) dim  2 offset 309
  (  86) dim  2 offset 312
  (  87) dim  2 offset 315
  (  88) dim  2 offset 318
  (  89) dim  2 offset 321
  (  90) dim  2 offset 324
  field 1 with 3 components
Process 0:
  (   0) dim  3 offset   2
  (   1) dim  3 offset   8
  (   2) dim  3 offset  14
  (   3) dim  3 offset  20
  (   4) dim  3 offset  26
  (   5) dim  3 offset  32
  (   6) dim  3 offset  38
  (   7) dim  3 offset  44
  (   8) dim  3 offset  50
  (   9) dim  3 offset  56
  (  10) dim  3 offset  62
  (  11) dim  3 offset  68
  (  12) dim  3 offset  74
  (  13) dim  3 offset  80
  (  14) dim  3 offset  86
  (  15) dim  3 offset  92
  (  16) dim  3 offset  98
  (  17) dim  3 offset 104
  (  18) dim  0 offset 110
  (  19) dim  0 offset 113
  (  20) dim  0 offset 116
  (  21) dim  0 offset 119
  (  22) dim  0 offset 122
  (  23) dim  0 offset 125
  (  24) dim  0 offset 128
  (  25) dim  0 offset 131
  (  26) dim  0 offset 134
  (  27) dim  0 offset 137
  (  28) dim  0 offset 140
  (  29) dim  0 offset 143
  (  30) dim  0 offset 146
  (  31) dim  0 offset 149
  (  32) dim  0 offset 152
  (  33) dim  0 offset 155
  (  34) dim  0 offset 158
  (  35) dim  0 offset 161
  (  36) dim  0 offset 164
  (  37) dim  0 offset 167
  (  38) dim  0 offset 170
  (  39) dim  0 offset 173
  (  40) dim  0 offset 176
  (  41) dim  0 offset 179
  (  42) dim  0 offset 182
  (  43) dim  0 offset 185
  (  44) dim  0 offset 188
  (  45) dim  0 offset 191
  (  46) dim  0 offset 194
  (  47) dim  0 offset 197
  (  48) dim  0 offset 200
  (  49) dim  0 offset 203
  (  50) dim  0 offset 206
  (  51) dim  0 offset 209
  (  52) dim  0 offset 212
  (  53) dim  0 offset 215
  (  54) dim  0 offset 218
  (  55) dim  0 offset 221
  (  56) dim  0 offset 224
  (  57) dim  0 offset 227
  (  58) dim  0 offset 230
  (  59) dim  0 offset 233
  (  60) dim  0 offset 236
  (  61) dim  0 offset 239
  (  62) dim  0 offset 242
  (  63) dim  0 offset 245
  (  64) dim  0 offset 248
  (  65) dim  0 offset 251
  (  66) dim  0 offset 254
  (  67) dim  0 offset 257
  (  68) dim  0 offset 260
  (  69) dim  0 offset 263
  (  70) dim  0 offset 266
  (  71) dim  0 offset 269
  (  72) dim  0 offset 272
  (  73) dim  0 offset 275
  (  74) dim  0 offset 278
  (  75) dim  0 offset 281
  (  76) dim  0 offset 284
  (  77) dim  0 offset 287
  (  78) dim  0 offset 290
  (  79) dim  0 offset 293
  (  80) dim  0 offset 296
  (  81) dim  0 offset 299
  (  82) dim  0 offset 302
  (  83) dim  0 offset 305
  (  84) dim  0 offset 308
  (  85) dim  0 offset 311
  (  86) dim  0 offset 314
  (  87) dim  0 offset 317
  (  88) dim  0 offset 320
  (  89) dim  0 offset 323
  (  90) dim  0 offset 326
Process 1:
  (   0) dim  3 offset   2
  (   1) dim  3 offset   8
  (   2) dim  3 offset  14
  (   3) dim  3 offset  20
  (   4) dim  3 offset  26
  (   5) dim  3 offset  32
  (   6) dim  3 offset  38
  (   7) dim  3 offset  44
  (   8) dim  3 offset  50
  (   9) dim  3 offset  56
  (  10) dim  3 offset  62
  (  11) dim  3 offset  68
  (  12) dim  3 offset  74
  (  13) dim  3 offset  80
  (  14) dim  3 offset  86
  (  15) dim  3 offset  92
  (  16) dim  3 offset  98
  (  17) dim  3 offset 104
  (  18) dim  0 offset 110
  (  19) dim  0 offset 113
  (  20) dim  0 offset 116
  (  21) dim  0 offset 119
  (  22) dim  0 offset 122
  (  23) dim  0 offset 125
  (  24) dim  0 offset 128
  (  25) dim  0 offset 131
  (  26) dim  0 offset 134
  (  27) dim  0 offset 137
  (  28) dim  0 offset 140
  (  29) dim  0 offset 143
  (  30) dim  0 offset 146
  (  31) dim  0 offset 149
  (  32) dim  0 offset 152
  (  33) dim  0 offset 155
  (  34) dim  0 offset 158
  (  35) dim  0 offset 161
  (  36) dim  0 offset 164
  (  37) dim  0 offset 167
  (  38) dim  0 offset 170
  (  39) dim  0 offset 173
  (  40) dim  0 offset 176
  (  41) dim  0 offset 179
  (  42) dim  0 offset 182
  (  43) dim  0 offset 185
  (  44) dim  0 offset 188
  (  45) dim  0 offset 191
  (  46) dim  0 offset 194
  (  47) dim  0 offset 197
  (  48) dim  0 offset 200
  (  49) dim  0 offset 203
  (  50) dim  0 offset 206
  (  51) dim  0 offset 209
  (  52) dim  0 offset 212
  (  53) dim  0 offset 215
  (  54) dim  0 offset 218
  (  55) dim  0 offset 221
  (  56) dim  0 offset 224
  (  57) dim  0 offset 227
  (  58) dim  0 offset 230
  (  59) dim  0 offset 233
  (  60) dim  0 offset 236
  (  61) dim  0 offset 239
  (  62) dim  0 offset 242
  (  63) dim  0 offset 245
  (  64) dim  0 offset 248
  (  65) dim  0 offset 251
  (  66) dim  0 offset 254
  (  67) dim  0 offset 257
  (  68) dim  0 offset 260
  (  69) dim  0 offset 263
  (  70) dim  0 offset 266
  (  71) dim  0 offset 269
  (  72) dim  0 offset 272
  (  73) dim  0 offset 275
  (  74) dim  0 offset 278
  (  75) dim  0 offset 281
  (  76) dim  0 offset 284
  (  77) dim  0 offset 287
  (  78) dim  0 offset 290
  (  79) dim  0 offset 293
  (  80) dim  0 offset 296
  (  81) dim  0 offset 299
  (  82) dim  0 offset 302
  (  83) dim  0 offset 305
  (  84) dim  0 offset 308
  (  85) dim  0 offset 311
  (  86) dim  0 offset 314
  (  87) dim  0 offset 317
  (  88) dim  0 offset 320
  (  89) dim  0 offset 323
  (  90) dim  0 offset 326
  field 2 with 1 components
Process 0:
  (   0) dim  1 offset   5
  (   1) dim  1 offset  11
  (   2) dim  1 offset  17
  (   3) dim  1 offset  23
  (   4) dim  1 offset  29
  (   5) dim  1 offset  35
  (   6) dim  1 offset  41
  (   7) dim  1 offset  47
  (   8) dim  1 offset  53
  (   9) dim  1 offset  59
  (  10) dim  1 offset  65
  (  11) dim  1 offset  71
  (  12) dim  1 offset  77
  (  13) dim  1 offset  83
  (  14) dim  1 offset  89
  (  15) dim  1 offset  95
  (  16) dim  1 offset 101
  (  17) dim  1 offset 107
  (  18) dim  1 offset 110
  (  19) dim  1 offset 113
  (  20) dim  1 offset 116
  (  21) dim  1 offset 119
  (  22) dim  1 offset 122
  (  23) dim  1 offset 125
  (  24) dim  1 offset 128
  (  25) dim  1 offset 131
  (  26) dim  1 offset 134
  (  27) dim  1 offset 137
  (  28) dim  1 offset 140
  (  29) dim  1 offset 143
  (  30) dim  1 offset 146
  (  31) dim  1 offset 149
  (  32) dim  1 offset 152
  (  33) dim  1 offset 155
  (  34) dim  1 offset 158
  (  35) dim  1 offset 161
  (  36) dim  1 offset 164
  (  37) dim  1 offset 167
  (  38) dim  1 offset 170
  (  39) dim  1 offset 173
  (  40) dim  1 offset 176
  (  41) dim  1 offset 179
  (  42) dim  1 offset 182
  (  43) dim  1 offset 185
  (  44) dim  1 offset 188
  (  45) dim  1 offset 191
  (  46) dim  1 offset 194
  (  47) dim  1 offset 197
  (  48) dim  1 offset 200
  (  49) dim  1 offset 203
  (  50) dim  1 offset 206
  (  51) dim  1 offset 209
  (  52) dim  1 offset 212
  (  53) dim  1 offset 215
  (  54) dim  1 offset 218
  (  55) dim  1 offset 221
  (  56) dim  1 offset 224
  (  57) dim  1 offset 227
  (  58) dim  1 offset 230
  (  59) dim  1 offset 233
  (  60) dim  1 offset 236
  (  61) dim  1 offset 239
  (  62) dim  1 offset 242
  (  63) dim  1 offset 245
  (  64) dim  1 offset 248
  (  65) dim  1 offset 251
  (  66) dim  1 offset 254
  (  67) dim  1 offset 257
  (  68) dim  1 offset 260
  (  69) dim  1 offset 263
  (  70) dim  1 offset 266
  (  71) dim  1 offset 269
  (  72) dim  1 offset 272
  (  73) dim  1 offset 275
  (  74) dim  1 offset 278
  (  75) dim  1 offset 281
  (  76) dim  1 offset 284
  (  77) dim  1 offset 287
  (  78) dim  1 offset 290
  (  79) dim  1 offset 293
  (  80) dim  1 offset 296
  (  81) dim  1 offset 299
  (  82) dim  1 offset 302
  (  83) dim  1 offset 305
  (  84) dim  1 offset 308
  (  85) dim  1 offset 311
  (  86) dim  1 offset 314
  (  87) dim  1 offset 317
  (  88) dim  1 offset 320
  (  89) dim  1 offset 323
  (  90) dim  1 offset 326
Process 1:
  (   0) dim  1 offset   5
  (   1) dim  1 offset  11
  (   2) dim  1 offset  17
  (   3) dim  1 offset  23
  (   4) dim  1 offset  29
  (   5) dim  1 offset  35
  (   6) dim  1 offset  41
  (   7) dim  1 offset  47
  (   8) dim  1 offset  53
  (   9) dim  1 offset  59
  (  10) dim  1 offset  65
  (  11) dim  1 offset  71
  (  12) dim  1 offset  77
  (  13) dim  1 offset  83
  (  14) dim  1 offset  89
  (  15) dim  1 offset  95
  (  16) dim  1 offset 101
  (  17) dim  1 offset 107
  (  18) dim  1 offset 110
  (  19) dim  1 offset 113
  (  20) dim  1 offset 116
  (  21) dim  1 offset 119
  (  22) dim  1 offset 122
  (  23) dim  1 offset 125
  (  24) dim  1 offset 128
  (  25) dim  1 offset 131
  (  26) dim  1 offset 134
  (  27) dim  1 offset 137
  (  28) dim  1 offset 140
  (  29) dim  1 offset 143
  (  30) dim  1 offset 146
  (  31) dim  1 offset 149
  (  32) dim  1 offset 152
  (  33) dim  1 offset 155
  (  34) dim  1 offset 158
  (  35) dim  1 offset 161
  (  36) dim  1 offset 164
  (  37) dim  1 offset 167
  (  38) dim  1 offset 170
  (  39) dim  1 offset 173
  (  40) dim  1 offset 176
  (  41) dim  1 offset 179
  (  42) dim  1 offset 182
  (  43) dim  1 offset 185
  (  44) dim  1 offset 188
  (  45) dim  1 offset 191
  (  46) dim  1 offset 194
  (  47) dim  1 offset 197
  (  48) dim  1 offset 200
  (  49) dim  1 offset 203
  (  50) dim  1 offset 206
  (  51) dim  1 offset 209
  (  52) dim  1 offset 212
  (  53) dim  1 offset 215
  (  54) dim  1 offset 218
  (  55) dim  1 offset 221
  (  56) dim  1 offset 224
  (  57) dim  1 offset 227
  (  58) dim  1 offset 230
  (  59) dim  1 offset 233
  (  60) dim  1 offset 236
  (  61) dim  1 offset 239
  (  62) dim  1 offset 242
  (  63) dim  1 offset 245
  (  64) dim  1 offset 248
  (  65) dim  1 offset 251
  (  66) dim  1 offset 254
  (  67) dim  1 offset 257
  (  68) dim  1 offset 260
  (  69) dim  1 offset 263
  (  70) dim  1 offset 266
  (  71) dim  1 offset 269
  (  72) dim  1 offset 272
  (  73) dim  1 offset 275
  (  74) dim  1 offset 278
  (  75) dim  1 offset 281
  (  76) dim  1 offset 284
  (  77) dim  1 offset 287
  (  78) dim  1 offset 290
  (  79) dim  1 offset 293
  (  80) dim  1 offset 296
  (  81) dim  1 offset 299
  (  82) dim  1 offset 302
  (  83) dim  1 offset 305
  (  84) dim  1 offset 308
  (  85) dim  1 offset 311
  (  86) dim  1 offset 314
  (  87) dim  1 offset 317
  (  88) dim  1 offset 320
  (  89) dim  1 offset 323
  (  90) dim  1 offset 326
