DM Object: cubit(FourSquareT-large.exo): 12/02/2017: 09:20:39 2 MPI processes
  type: plex
cubit(FourSquareT-large.exo): 12/02/2017: 09:20:39 in 2 dimensions:
  0-cells: 61 0
  1-cells: 156 0
  2-cells: 96 0
Labels:
  celltype: 3 strata with value/size (0 (61), 3 (96), 1 (156))
  depth: 3 strata with value/size (0 (61), 1 (156), 2 (96))
  Cell Sets: 4 strata with value/size (1 (24), 2 (18), 3 (28), 5 (26))
PetscViewer Object: 2 MPI processes
  type: exodusii
  Filename:    FourSquareT-large_out.exo
  exoid:       -1
  IO Mode:     1
  Mesh order:  1
PetscViewer Object: 2 MPI processes
  type: exodusii
  Filename:    FourSquareT-large_out.exo
  exoid:       65536
  IO Mode:     1
  Mesh order:  1
DM Object: Parallel Mesh 2 MPI processes
  type: plex
Parallel Mesh in 2 dimensions:
  0-cells: 40 36
  1-cells: 85 84
  2-cells: 48 48
Labels:
  depth: 3 strata with value/size (0 (40), 1 (85), 2 (48))
  celltype: 3 strata with value/size (0 (40), 1 (85), 3 (48))
  Cell Sets: 3 strata with value/size (1 (24), 2 (18), 3 (6))
PetscSection Object: 2 MPI processes
  type not yet set
3 fields
  field 0 with 2 components
Process 0:
  (   0) dim  0 offset   0
  (   1) dim  0 offset   3
  (   2) dim  0 offset   6
  (   3) dim  0 offset   9
  (   4) dim  0 offset  12
  (   5) dim  0 offset  15
  (   6) dim  0 offset  18
  (   7) dim  0 offset  21
  (   8) dim  0 offset  24
  (   9) dim  0 offset  27
  (  10) dim  0 offset  30
  (  11) dim  0 offset  33
  (  12) dim  0 offset  36
  (  13) dim  0 offset  39
  (  14) dim  0 offset  42
  (  15) dim  0 offset  45
  (  16) dim  0 offset  48
  (  17) dim  0 offset  51
  (  18) dim  0 offset  54
  (  19) dim  0 offset  57
  (  20) dim  0 offset  60
  (  21) dim  0 offset  63
  (  22) dim  0 offset  66
  (  23) dim  0 offset  69
  (  24) dim  0 offset  72
  (  25) dim  0 offset  75
  (  26) dim  0 offset  78
  (  27) dim  0 offset  81
  (  28) dim  0 offset  84
  (  29) dim  0 offset  87
  (  30) dim  0 offset  90
  (  31) dim  0 offset  93
  (  32) dim  0 offset  96
  (  33) dim  0 offset  99
  (  34) dim  0 offset 102
  (  35) dim  0 offset 105
  (  36) dim  0 offset 108
  (  37) dim  0 offset 111
  (  38) dim  0 offset 114
  (  39) dim  0 offset 117
  (  40) dim  0 offset 120
  (  41) dim  0 offset 123
  (  42) dim  0 offset 126
  (  43) dim  0 offset 129
  (  44) dim  0 offset 132
  (  45) dim  0 offset 135
  (  46) dim  0 offset 138
  (  47) dim  0 offset 141
  (  48) dim  2 offset 144
  (  49) dim  2 offset 147
  (  50) dim  2 offset 150
  (  51) dim  2 offset 153
  (  52) dim  2 offset 156
  (  53) dim  2 offset 159
  (  54) dim  2 offset 162
  (  55) dim  2 offset 165
  (  56) dim  2 offset 168
  (  57) dim  2 offset 171
  (  58) dim  2 offset 174
  (  59) dim  2 offset 177
  (  60) dim  2 offset 180
  (  61) dim  2 offset 183
  (  62) dim  2 offset 186
  (  63) dim  2 offset 189
  (  64) dim  2 offset 192
  (  65) dim  2 offset 195
  (  66) dim  2 offset 198
  (  67) dim  2 offset 201
  (  68) dim  2 offset 204
  (  69) dim  2 offset 207
  (  70) dim  2 offset 210
  (  71) dim  2 offset 213
  (  72) dim  2 offset 216
  (  73) dim  2 offset 219
  (  74) dim  2 offset 222
  (  75) dim  2 offset 225
  (  76) dim  2 offset 228
  (  77) dim  2 offset 231
  (  78) dim  2 offset 234
  (  79) dim  2 offset 237
  (  80) dim  2 offset 240
  (  81) dim  2 offset 243
  (  82) dim  2 offset 246
  (  83) dim  2 offset 249
  (  84) dim  2 offset 252
  (  85) dim  2 offset 255
  (  86) dim  2 offset 258
  (  87) dim  2 offset 261
  (  88) dim  0 offset 264
  (  89) dim  0 offset 264
  (  90) dim  0 offset 264
  (  91) dim  0 offset 264
  (  92) dim  0 offset 264
  (  93) dim  0 offset 264
  (  94) dim  0 offset 264
  (  95) dim  0 offset 264
  (  96) dim  0 offset 264
  (  97) dim  0 offset 264
  (  98) dim  0 offset 264
  (  99) dim  0 offset 264
  ( 100) dim  0 offset 264
  ( 101) dim  0 offset 264
  ( 102) dim  0 offset 264
  ( 103) dim  0 offset 264
  ( 104) dim  0 offset 264
  ( 105) dim  0 offset 264
  ( 106) dim  0 offset 264
  ( 107) dim  0 offset 264
  ( 108) dim  0 offset 264
  ( 109) dim  0 offset 264
  ( 110) dim  0 offset 264
  ( 111) dim  0 offset 264
  ( 112) dim  0 offset 264
  ( 113) dim  0 offset 264
  ( 114) dim  0 offset 264
  ( 115) dim  0 offset 264
  ( 116) dim  0 offset 264
  ( 117) dim  0 offset 264
  ( 118) dim  0 offset 264
  ( 119) dim  0 offset 264
  ( 120) dim  0 offset 264
  ( 121) dim  0 offset 264
  ( 122) dim  0 offset 264
  ( 123) dim  0 offset 264
  ( 124) dim  0 offset 264
  ( 125) dim  0 offset 264
  ( 126) dim  0 offset 264
  ( 127) dim  0 offset 264
  ( 128) dim  0 offset 264
  ( 129) dim  0 offset 264
  ( 130) dim  0 offset 264
  ( 131) dim  0 offset 264
  ( 132) dim  0 offset 264
  ( 133) dim  0 offset 264
  ( 134) dim  0 offset 264
  ( 135) dim  0 offset 264
  ( 136) dim  0 offset 264
  ( 137) dim  0 offset 264
  ( 138) dim  0 offset 264
  ( 139) dim  0 offset 264
  ( 140) dim  0 offset 264
  ( 141) dim  0 offset 264
  ( 142) dim  0 offset 264
  ( 143) dim  0 offset 264
  ( 144) dim  0 offset 264
  ( 145) dim  0 offset 264
  ( 146) dim  0 offset 264
  ( 147) dim  0 offset 264
  ( 148) dim  0 offset 264
  ( 149) dim  0 offset 264
  ( 150) dim  0 offset 264
  ( 151) dim  0 offset 264
  ( 152) dim  0 offset 264
  ( 153) dim  0 offset 264
  ( 154) dim  0 offset 264
  ( 155) dim  0 offset 264
  ( 156) dim  0 offset 264
  ( 157) dim  0 offset 264
  ( 158) dim  0 offset 264
  ( 159) dim  0 offset 264
  ( 160) dim  0 offset 264
  ( 161) dim  0 offset 264
  ( 162) dim  0 offset 264
  ( 163) dim  0 offset 264
  ( 164) dim  0 offset 264
  ( 165) dim  0 offset 264
  ( 166) dim  0 offset 264
  ( 167) dim  0 offset 264
  ( 168) dim  0 offset 264
  ( 169) dim  0 offset 264
  ( 170) dim  0 offset 264
  ( 171) dim  0 offset 264
  ( 172) dim  0 offset 264
Process 1:
  (   0) dim  0 offset   0
  (   1) dim  0 offset   3
  (   2) dim  0 offset   6
  (   3) dim  0 offset   9
  (   4) dim  0 offset  12
  (   5) dim  0 offset  15
  (   6) dim  0 offset  18
  (   7) dim  0 offset  21
  (   8) dim  0 offset  24
  (   9) dim  0 offset  27
  (  10) dim  0 offset  30
  (  11) dim  0 offset  33
  (  12) dim  0 offset  36
  (  13) dim  0 offset  39
  (  14) dim  0 offset  42
  (  15) dim  0 offset  45
  (  16) dim  0 offset  48
  (  17) dim  0 offset  51
  (  18) dim  0 offset  54
  (  19) dim  0 offset  57
  (  20) dim  0 offset  60
  (  21) dim  0 offset  63
  (  22) dim  0 offset  66
  (  23) dim  0 offset  69
  (  24) dim  0 offset  72
  (  25) dim  0 offset  75
  (  26) dim  0 offset  78
  (  27) dim  0 offset  81
  (  28) dim  0 offset  84
  (  29) dim  0 offset  87
  (  30) dim  0 offset  90
  (  31) dim  0 offset  93
  (  32) dim  0 offset  96
  (  33) dim  0 offset  99
  (  34) dim  0 offset 102
  (  35) dim  0 offset 105
  (  36) dim  0 offset 108
  (  37) dim  0 offset 111
  (  38) dim  0 offset 114
  (  39) dim  0 offset 117
  (  40) dim  0 offset 120
  (  41) dim  0 offset 123
  (  42) dim  0 offset 126
  (  43) dim  0 offset 129
  (  44) dim  0 offset 132
  (  45) dim  0 offset 135
  (  46) dim  0 offset 138
  (  47) dim  0 offset 141
  (  48) dim  2 offset 144
  (  49) dim  2 offset 147
  (  50) dim  2 offset 150
  (  51) dim  2 offset 153
  (  52) dim  2 offset 156
  (  53) dim  2 offset 159
  (  54) dim  2 offset 162
  (  55) dim  2 offset 165
  (  56) dim  2 offset 168
  (  57) dim  2 offset 171
  (  58) dim  2 offset 174
  (  59) dim  2 offset 177
  (  60) dim  2 offset 180
  (  61) dim  2 offset 183
  (  62) dim  2 offset 186
  (  63) dim  2 offset 189
  (  64) dim  2 offset 192
  (  65) dim  2 offset 195
  (  66) dim  2 offset 198
  (  67) dim  2 offset 201
  (  68) dim  2 offset 204
  (  69) dim  2 offset 207
  (  70) dim  2 offset 210
  (  71) dim  2 offset 213
  (  72) dim  2 offset 216
  (  73) dim  2 offset 219
  (  74) dim  2 offset 222
  (  75) dim  2 offset 225
  (  76) dim  2 offset 228
  (  77) dim  2 offset 231
  (  78) dim  2 offset 234
  (  79) dim  2 offset 237
  (  80) dim  2 offset 240
  (  81) dim  2 offset 243
  (  82) dim  2 offset 246
  (  83) dim  2 offset 249
  (  84) dim  0 offset 252
  (  85) dim  0 offset 252
  (  86) dim  0 offset 252
  (  87) dim  0 offset 252
  (  88) dim  0 offset 252
  (  89) dim  0 offset 252
  (  90) dim  0 offset 252
  (  91) dim  0 offset 252
  (  92) dim  0 offset 252
  (  93) dim  0 offset 252
  (  94) dim  0 offset 252
  (  95) dim  0 offset 252
  (  96) dim  0 offset 252
  (  97) dim  0 offset 252
  (  98) dim  0 offset 252
  (  99) dim  0 offset 252
  ( 100) dim  0 offset 252
  ( 101) dim  0 offset 252
  ( 102) dim  0 offset 252
  ( 103) dim  0 offset 252
  ( 104) dim  0 offset 252
  ( 105) dim  0 offset 252
  ( 106) dim  0 offset 252
  ( 107) dim  0 offset 252
  ( 108) dim  0 offset 252
  ( 109) dim  0 offset 252
  ( 110) dim  0 offset 252
  ( 111) dim  0 offset 252
  ( 112) dim  0 offset 252
  ( 113) dim  0 offset 252
  ( 114) dim  0 offset 252
  ( 115) dim  0 offset 252
  ( 116) dim  0 offset 252
  ( 117) dim  0 offset 252
  ( 118) dim  0 offset 252
  ( 119) dim  0 offset 252
  ( 120) dim  0 offset 252
  ( 121) dim  0 offset 252
  ( 122) dim  0 offset 252
  ( 123) dim  0 offset 252
  ( 124) dim  0 offset 252
  ( 125) dim  0 offset 252
  ( 126) dim  0 offset 252
  ( 127) dim  0 offset 252
  ( 128) dim  0 offset 252
  ( 129) dim  0 offset 252
  ( 130) dim  0 offset 252
  ( 131) dim  0 offset 252
  ( 132) dim  0 offset 252
  ( 133) dim  0 offset 252
  ( 134) dim  0 offset 252
  ( 135) dim  0 offset 252
  ( 136) dim  0 offset 252
  ( 137) dim  0 offset 252
  ( 138) dim  0 offset 252
  ( 139) dim  0 offset 252
  ( 140) dim  0 offset 252
  ( 141) dim  0 offset 252
  ( 142) dim  0 offset 252
  ( 143) dim  0 offset 252
  ( 144) dim  0 offset 252
  ( 145) dim  0 offset 252
  ( 146) dim  0 offset 252
  ( 147) dim  0 offset 252
  ( 148) dim  0 offset 252
  ( 149) dim  0 offset 252
  ( 150) dim  0 offset 252
  ( 151) dim  0 offset 252
  ( 152) dim  0 offset 252
  ( 153) dim  0 offset 252
  ( 154) dim  0 offset 252
  ( 155) dim  0 offset 252
  ( 156) dim  0 offset 252
  ( 157) dim  0 offset 252
  ( 158) dim  0 offset 252
  ( 159) dim  0 offset 252
  ( 160) dim  0 offset 252
  ( 161) dim  0 offset 252
  ( 162) dim  0 offset 252
  ( 163) dim  0 offset 252
  ( 164) dim  0 offset 252
  ( 165) dim  0 offset 252
  ( 166) dim  0 offset 252
  ( 167) dim  0 offset 252
  field 1 with 3 components
Process 0:
  (   0) dim  3 offset   0
  (   1) dim  3 offset   3
  (   2) dim  3 offset   6
  (   3) dim  3 offset   9
  (   4) dim  3 offset  12
  (   5) dim  3 offset  15
  (   6) dim  3 offset  18
  (   7) dim  3 offset  21
  (   8) dim  3 offset  24
  (   9) dim  3 offset  27
  (  10) dim  3 offset  30
  (  11) dim  3 offset  33
  (  12) dim  3 offset  36
  (  13) dim  3 offset  39
  (  14) dim  3 offset  42
  (  15) dim  3 offset  45
  (  16) dim  3 offset  48
  (  17) dim  3 offset  51
  (  18) dim  3 offset  54
  (  19) dim  3 offset  57
  (  20) dim  3 offset  60
  (  21) dim  3 offset  63
  (  22) dim  3 offset  66
  (  23) dim  3 offset  69
  (  24) dim  3 offset  72
  (  25) dim  3 offset  75
  (  26) dim  3 offset  78
  (  27) dim  3 offset  81
  (  28) dim  3 offset  84
  (  29) dim  3 offset  87
  (  30) dim  3 offset  90
  (  31) dim  3 offset  93
  (  32) dim  3 offset  96
  (  33) dim  3 offset  99
  (  34) dim  3 offset 102
  (  35) dim  3 offset 105
  (  36) dim  3 offset 108
  (  37) dim  3 offset 111
  (  38) dim  3 offset 114
  (  39) dim  3 offset 117
  (  40) dim  3 offset 120
  (  41) dim  3 offset 123
  (  42) dim  3 offset 126
  (  43) dim  3 offset 129
  (  44) dim  3 offset 132
  (  45) dim  3 offset 135
  (  46) dim  3 offset 138
  (  47) dim  3 offset 141
  (  48) dim  0 offset 146
  (  49) dim  0 offset 149
  (  50) dim  0 offset 152
  (  51) dim  0 offset 155
  (  52) dim  0 offset 158
  (  53) dim  0 offset 161
  (  54) dim  0 offset 164
  (  55) dim  0 offset 167
  (  56) dim  0 offset 170
  (  57) dim  0 offset 173
  (  58) dim  0 offset 176
  (  59) dim  0 offset 179
  (  60) dim  0 offset 182
  (  61) dim  0 offset 185
  (  62) dim  0 offset 188
  (  63) dim  0 offset 191
  (  64) dim  0 offset 194
  (  65) dim  0 offset 197
  (  66) dim  0 offset 200
  (  67) dim  0 offset 203
  (  68) dim  0 offset 206
  (  69) dim  0 offset 209
  (  70) dim  0 offset 212
  (  71) dim  0 offset 215
  (  72) dim  0 offset 218
  (  73) dim  0 offset 221
  (  74) dim  0 offset 224
  (  75) dim  0 offset 227
  (  76) dim  0 offset 230
  (  77) dim  0 offset 233
  (  78) dim  0 offset 236
  (  79) dim  0 offset 239
  (  80) dim  0 offset 242
  (  81) dim  0 offset 245
  (  82) dim  0 offset 248
  (  83) dim  0 offset 251
  (  84) dim  0 offset 254
  (  85) dim  0 offset 257
  (  86) dim  0 offset 260
  (  87) dim  0 offset 263
  (  88) dim  0 offset 264
  (  89) dim  0 offset 264
  (  90) dim  0 offset 264
  (  91) dim  0 offset 264
  (  92) dim  0 offset 264
  (  93) dim  0 offset 264
  (  94) dim  0 offset 264
  (  95) dim  0 offset 264
  (  96) dim  0 offset 264
  (  97) dim  0 offset 264
  (  98) dim  0 offset 264
  (  99) dim  0 offset 264
  ( 100) dim  0 offset 264
  ( 101) dim  0 offset 264
  ( 102) dim  0 offset 264
  ( 103) dim  0 offset 264
  ( 104) dim  0 offset 264
  ( 105) dim  0 offset 264
  ( 106) dim  0 offset 264
  ( 107) dim  0 offset 264
  ( 108) dim  0 offset 264
  ( 109) dim  0 offset 264
  ( 110) dim  0 offset 264
  ( 111) dim  0 offset 264
  ( 112) dim  0 offset 264
  ( 113) dim  0 offset 264
  ( 114) dim  0 offset 264
  ( 115) dim  0 offset 264
  ( 116) dim  0 offset 264
  ( 117) dim  0 offset 264
  ( 118) dim  0 offset 264
  ( 119) dim  0 offset 264
  ( 120) dim  0 offset 264
  ( 121) dim  0 offset 264
  ( 122) dim  0 offset 264
  ( 123) dim  0 offset 264
  ( 124) dim  0 offset 264
  ( 125) dim  0 offset 264
  ( 126) dim  0 offset 264
  ( 127) dim  0 offset 264
  ( 128) dim  0 offset 264
  ( 129) dim  0 offset 264
  ( 130) dim  0 offset 264
  ( 131) dim  0 offset 264
  ( 132) dim  0 offset 264
  ( 133) dim  0 offset 264
  ( 134) dim  0 offset 264
  ( 135) dim  0 offset 264
  ( 136) dim  0 offset 264
  ( 137) dim  0 offset 264
  ( 138) dim  0 offset 264
  ( 139) dim  0 offset 264
  ( 140) dim  0 offset 264
  ( 141) dim  0 offset 264
  ( 142) dim  0 offset 264
  ( 143) dim  0 offset 264
  ( 144) dim  0 offset 264
  ( 145) dim  0 offset 264
  ( 146) dim  0 offset 264
  ( 147) dim  0 offset 264
  ( 148) dim  0 offset 264
  ( 149) dim  0 offset 264
  ( 150) dim  0 offset 264
  ( 151) dim  0 offset 264
  ( 152) dim  0 offset 264
  ( 153) dim  0 offset 264
  ( 154) dim  0 offset 264
  ( 155) dim  0 offset 264
  ( 156) dim  0 offset 264
  ( 157) dim  0 offset 264
  ( 158) dim  0 offset 264
  ( 159) dim  0 offset 264
  ( 160) dim  0 offset 264
  ( 161) dim  0 offset 264
  ( 162) dim  0 offset 264
  ( 163) dim  0 offset 264
  ( 164) dim  0 offset 264
  ( 165) dim  0 offset 264
  ( 166) dim  0 offset 264
  ( 167) dim  0 offset 264
  ( 168) dim  0 offset 264
  ( 169) dim  0 offset 264
  ( 170) dim  0 offset 264
  ( 171) dim  0 offset 264
  ( 172) dim  0 offset 264
Process 1:
  (   0) dim  3 offset   0
  (   1) dim  3 offset   3
  (   2) dim  3 offset   6
  (   3) dim  3 offset   9
  (   4) dim  3 offset  12
  (   5) dim  3 offset  15
  (   6) dim  3 offset  18
  (   7) dim  3 offset  21
  (   8) dim  3 offset  24
  (   9) dim  3 offset  27
  (  10) dim  3 offset  30
  (  11) dim  3 offset  33
  (  12) dim  3 offset  36
  (  13) dim  3 offset  39
  (  14) dim  3 offset  42
  (  15) dim  3 offset  45
  (  16) dim  3 offset  48
  (  17) dim  3 offset  51
  (  18) dim  3 offset  54
  (  19) dim  3 offset  57
  (  20) dim  3 offset  60
  (  21) dim  3 offset  63
  (  22) dim  3 offset  66
  (  23) dim  3 offset  69
  (  24) dim  3 offset  72
  (  25) dim  3 offset  75
  (  26) dim  3 offset  78
  (  27) dim  3 offset  81
  (  28) dim  3 offset  84
  (  29) dim  3 offset  87
  (  30) dim  3 offset  90
  (  31) dim  3 offset  93
  (  32) dim  3 offset  96
  (  33) dim  3 offset  99
  (  34) dim  3 offset 102
  (  35) dim  3 offset 105
  (  36) dim  3 offset 108
  (  37) dim  3 offset 111
  (  38) dim  3 offset 114
  (  39) dim  3 offset 117
  (  40) dim  3 offset 120
  (  41) dim  3 offset 123
  (  42) dim  3 offset 126
  (  43) dim  3 offset 129
  (  44) dim  3 offset 132
  (  45) dim  3 offset 135
  (  46) dim  3 offset 138
  (  47) dim  3 offset 141
  (  48) dim  0 offset 146
  (  49) dim  0 offset 149
  (  50) dim  0 offset 152
  (  51) dim  0 offset 155
  (  52) dim  0 offset 158
  (  53) dim  0 offset 161
  (  54) dim  0 offset 164
  (  55) dim  0 offset 167
  (  56) dim  0 offset 170
  (  57) dim  0 offset 173
  (  58) dim  0 offset 176
  (  59) dim  0 offset 179
  (  60) dim  0 offset 182
  (  61) dim  0 offset 185
  (  62) dim  0 offset 188
  (  63) dim  0 offset 191
  (  64) dim  0 offset 194
  (  65) dim  0 offset 197
  (  66) dim  0 offset 200
  (  67) dim  0 offset 203
  (  68) dim  0 offset 206
  (  69) dim  0 offset 209
  (  70) dim  0 offset 212
  (  71) dim  0 offset 215
  (  72) dim  0 offset 218
  (  73) dim  0 offset 221
  (  74) dim  0 offset 224
  (  75) dim  0 offset 227
  (  76) dim  0 offset 230
  (  77) dim  0 offset 233
  (  78) dim  0 offset 236
  (  79) dim  0 offset 239
  (  80) dim  0 offset 242
  (  81) dim  0 offset 245
  (  82) dim  0 offset 248
  (  83) dim  0 offset 251
  (  84) dim  0 offset 252
  (  85) dim  0 offset 252
  (  86) dim  0 offset 252
  (  87) dim  0 offset 252
  (  88) dim  0 offset 252
  (  89) dim  0 offset 252
  (  90) dim  0 offset 252
  (  91) dim  0 offset 252
  (  92) dim  0 offset 252
  (  93) dim  0 offset 252
  (  94) dim  0 offset 252
  (  95) dim  0 offset 252
  (  96) dim  0 offset 252
  (  97) dim  0 offset 252
  (  98) dim  0 offset 252
  (  99) dim  0 offset 252
  ( 100) dim  0 offset 252
  ( 101) dim  0 offset 252
  ( 102) dim  0 offset 252
  ( 103) dim  0 offset 252
  ( 104) dim  0 offset 252
  ( 105) dim  0 offset 252
  ( 106) dim  0 offset 252
  ( 107) dim  0 offset 252
  ( 108) dim  0 offset 252
  ( 109) dim  0 offset 252
  ( 110) dim  0 offset 252
  ( 111) dim  0 offset 252
  ( 112) dim  0 offset 252
  ( 113) dim  0 offset 252
  ( 114) dim  0 offset 252
  ( 115) dim  0 offset 252
  ( 116) dim  0 offset 252
  ( 117) dim  0 offset 252
  ( 118) dim  0 offset 252
  ( 119) dim  0 offset 252
  ( 120) dim  0 offset 252
  ( 121) dim  0 offset 252
  ( 122) dim  0 offset 252
  ( 123) dim  0 offset 252
  ( 124) dim  0 offset 252
  ( 125) dim  0 offset 252
  ( 126) dim  0 offset 252
  ( 127) dim  0 offset 252
  ( 128) dim  0 offset 252
  ( 129) dim  0 offset 252
  ( 130) dim  0 offset 252
  ( 131) dim  0 offset 252
  ( 132) dim  0 offset 252
  ( 133) dim  0 offset 252
  ( 134) dim  0 offset 252
  ( 135) dim  0 offset 252
  ( 136) dim  0 offset 252
  ( 137) dim  0 offset 252
  ( 138) dim  0 offset 252
  ( 139) dim  0 offset 252
  ( 140) dim  0 offset 252
  ( 141) dim  0 offset 252
  ( 142) dim  0 offset 252
  ( 143) dim  0 offset 252
  ( 144) dim  0 offset 252
  ( 145) dim  0 offset 252
  ( 146) dim  0 offset 252
  ( 147) dim  0 offset 252
  ( 148) dim  0 offset 252
  ( 149) dim  0 offset 252
  ( 150) dim  0 offset 252
  ( 151) dim  0 offset 252
  ( 152) dim  0 offset 252
  ( 153) dim  0 offset 252
  ( 154) dim  0 offset 252
  ( 155) dim  0 offset 252
  ( 156) dim  0 offset 252
  ( 157) dim  0 offset 252
  ( 158) dim  0 offset 252
  ( 159) dim  0 offset 252
  ( 160) dim  0 offset 252
  ( 161) dim  0 offset 252
  ( 162) dim  0 offset 252
  ( 163) dim  0 offset 252
  ( 164) dim  0 offset 252
  ( 165) dim  0 offset 252
  ( 166) dim  0 offset 252
  ( 167) dim  0 offset 252
  field 2 with 1 components
Process 0:
  (   0) dim  0 offset   3
  (   1) dim  0 offset   6
  (   2) dim  0 offset   9
  (   3) dim  0 offset  12
  (   4) dim  0 offset  15
  (   5) dim  0 offset  18
  (   6) dim  0 offset  21
  (   7) dim  0 offset  24
  (   8) dim  0 offset  27
  (   9) dim  0 offset  30
  (  10) dim  0 offset  33
  (  11) dim  0 offset  36
  (  12) dim  0 offset  39
  (  13) dim  0 offset  42
  (  14) dim  0 offset  45
  (  15) dim  0 offset  48
  (  16) dim  0 offset  51
  (  17) dim  0 offset  54
  (  18) dim  0 offset  57
  (  19) dim  0 offset  60
  (  20) dim  0 offset  63
  (  21) dim  0 offset  66
  (  22) dim  0 offset  69
  (  23) dim  0 offset  72
  (  24) dim  0 offset  75
  (  25) dim  0 offset  78
  (  26) dim  0 offset  81
  (  27) dim  0 offset  84
  (  28) dim  0 offset  87
  (  29) dim  0 offset  90
  (  30) dim  0 offset  93
  (  31) dim  0 offset  96
  (  32) dim  0 offset  99
  (  33) dim  0 offset 102
  (  34) dim  0 offset 105
  (  35) dim  0 offset 108
  (  36) dim  0 offset 111
  (  37) dim  0 offset 114
  (  38) dim  0 offset 117
  (  39) dim  0 offset 120
  (  40) dim  0 offset 123
  (  41) dim  0 offset 126
  (  42) dim  0 offset 129
  (  43) dim  0 offset 132
  (  44) dim  0 offset 135
  (  45) dim  0 offset 138
  (  46) dim  0 offset 141
  (  47) dim  0 offset 144
  (  48) dim  1 offset 146
  (  49) dim  1 offset 149
  (  50) dim  1 offset 152
  (  51) dim  1 offset 155
  (  52) dim  1 offset 158
  (  53) dim  1 offset 161
  (  54) dim  1 offset 164
  (  55) dim  1 offset 167
  (  56) dim  1 offset 170
  (  57) dim  1 offset 173
  (  58) dim  1 offset 176
  (  59) dim  1 offset 179
  (  60) dim  1 offset 182
  (  61) dim  1 offset 185
  (  62) dim  1 offset 188
  (  63) dim  1 offset 191
  (  64) dim  1 offset 194
  (  65) dim  1 offset 197
  (  66) dim  1 offset 200
  (  67) dim  1 offset 203
  (  68) dim  1 offset 206
  (  69) dim  1 offset 209
  (  70) dim  1 offset 212
  (  71) dim  1 offset 215
  (  72) dim  1 offset 218
  (  73) dim  1 offset 221
  (  74) dim  1 offset 224
  (  75) dim  1 offset 227
  (  76) dim  1 offset 230
  (  77) dim  1 offset 233
  (  78) dim  1 offset 236
  (  79) dim  1 offset 239
  (  80) dim  1 offset 242
  (  81) dim  1 offset 245
  (  82) dim  1 offset 248
  (  83) dim  1 offset 251
  (  84) dim  1 offset 254
  (  85) dim  1 offset 257
  (  86) dim  1 offset 260
  (  87) dim  1 offset 263
  (  88) dim  0 offset 264
  (  89) dim  0 offset 264
  (  90) dim  0 offset 264
  (  91) dim  0 offset 264
  (  92) dim  0 offset 264
  (  93) dim  0 offset 264
  (  94) dim  0 offset 264
  (  95) dim  0 offset 264
  (  96) dim  0 offset 264
  (  97) dim  0 offset 264
  (  98) dim  0 offset 264
  (  99) dim  0 offset 264
  ( 100) dim  0 offset 264
  ( 101) dim  0 offset 264
  ( 102) dim  0 offset 264
  ( 103) dim  0 offset 264
  ( 104) dim  0 offset 264
  ( 105) dim  0 offset 264
  ( 106) dim  0 offset 264
  ( 107) dim  0 offset 264
  ( 108) dim  0 offset 264
  ( 109) dim  0 offset 264
  ( 110) dim  0 offset 264
  ( 111) dim  0 offset 264
  ( 112) dim  0 offset 264
  ( 113) dim  0 offset 264
  ( 114) dim  0 offset 264
  ( 115) dim  0 offset 264
  ( 116) dim  0 offset 264
  ( 117) dim  0 offset 264
  ( 118) dim  0 offset 264
  ( 119) dim  0 offset 264
  ( 120) dim  0 offset 264
  ( 121) dim  0 offset 264
  ( 122) dim  0 offset 264
  ( 123) dim  0 offset 264
  ( 124) dim  0 offset 264
  ( 125) dim  0 offset 264
  ( 126) dim  0 offset 264
  ( 127) dim  0 offset 264
  ( 128) dim  0 offset 264
  ( 129) dim  0 offset 264
  ( 130) dim  0 offset 264
  ( 131) dim  0 offset 264
  ( 132) dim  0 offset 264
  ( 133) dim  0 offset 264
  ( 134) dim  0 offset 264
  ( 135) dim  0 offset 264
  ( 136) dim  0 offset 264
  ( 137) dim  0 offset 264
  ( 138) dim  0 offset 264
  ( 139) dim  0 offset 264
  ( 140) dim  0 offset 264
  ( 141) dim  0 offset 264
  ( 142) dim  0 offset 264
  ( 143) dim  0 offset 264
  ( 144) dim  0 offset 264
  ( 145) dim  0 offset 264
  ( 146) dim  0 offset 264
  ( 147) dim  0 offset 264
  ( 148) dim  0 offset 264
  ( 149) dim  0 offset 264
  ( 150) dim  0 offset 264
  ( 151) dim  0 offset 264
  ( 152) dim  0 offset 264
  ( 153) dim  0 offset 264
  ( 154) dim  0 offset 264
  ( 155) dim  0 offset 264
  ( 156) dim  0 offset 264
  ( 157) dim  0 offset 264
  ( 158) dim  0 offset 264
  ( 159) dim  0 offset 264
  ( 160) dim  0 offset 264
  ( 161) dim  0 offset 264
  ( 162) dim  0 offset 264
  ( 163) dim  0 offset 264
  ( 164) dim  0 offset 264
  ( 165) dim  0 offset 264
  ( 166) dim  0 offset 264
  ( 167) dim  0 offset 264
  ( 168) dim  0 offset 264
  ( 169) dim  0 offset 264
  ( 170) dim  0 offset 264
  ( 171) dim  0 offset 264
  ( 172) dim  0 offset 264
Process 1:
  (   0) dim  0 offset   3
  (   1) dim  0 offset   6
  (   2) dim  0 offset   9
  (   3) dim  0 offset  12
  (   4) dim  0 offset  15
  (   5) dim  0 offset  18
  (   6) dim  0 offset  21
  (   7) dim  0 offset  24
  (   8) dim  0 offset  27
  (   9) dim  0 offset  30
  (  10) dim  0 offset  33
  (  11) dim  0 offset  36
  (  12) dim  0 offset  39
  (  13) dim  0 offset  42
  (  14) dim  0 offset  45
  (  15) dim  0 offset  48
  (  16) dim  0 offset  51
  (  17) dim  0 offset  54
  (  18) dim  0 offset  57
  (  19) dim  0 offset  60
  (  20) dim  0 offset  63
  (  21) dim  0 offset  66
  (  22) dim  0 offset  69
  (  23) dim  0 offset  72
  (  24) dim  0 offset  75
  (  25) dim  0 offset  78
  (  26) dim  0 offset  81
  (  27) dim  0 offset  84
  (  28) dim  0 offset  87
  (  29) dim  0 offset  90
  (  30) dim  0 offset  93
  (  31) dim  0 offset  96
  (  32) dim  0 offset  99
  (  33) dim  0 offset 102
  (  34) dim  0 offset 105
  (  35) dim  0 offset 108
  (  36) dim  0 offset 111
  (  37) dim  0 offset 114
  (  38) dim  0 offset 117
  (  39) dim  0 offset 120
  (  40) dim  0 offset 123
  (  41) dim  0 offset 126
  (  42) dim  0 offset 129
  (  43) dim  0 offset 132
  (  44) dim  0 offset 135
  (  45) dim  0 offset 138
  (  46) dim  0 offset 141
  (  47) dim  0 offset 144
  (  48) dim  1 offset 146
  (  49) dim  1 offset 149
  (  50) dim  1 offset 152
  (  51) dim  1 offset 155
  (  52) dim  1 offset 158
  (  53) dim  1 offset 161
  (  54) dim  1 offset 164
  (  55) dim  1 offset 167
  (  56) dim  1 offset 170
  (  57) dim  1 offset 173
  (  58) dim  1 offset 176
  (  59) dim  1 offset 179
  (  60) dim  1 offset 182
  (  61) dim  1 offset 185
  (  62) dim  1 offset 188
  (  63) dim  1 offset 191
  (  64) dim  1 offset 194
  (  65) dim  1 offset 197
  (  66) dim  1 offset 200
  (  67) dim  1 offset 203
  (  68) dim  1 offset 206
  (  69) dim  1 offset 209
  (  70) dim  1 offset 212
  (  71) dim  1 offset 215
  (  72) dim  1 offset 218
  (  73) dim  1 offset 221
  (  74) dim  1 offset 224
  (  75) dim  1 offset 227
  (  76) dim  1 offset 230
  (  77) dim  1 offset 233
  (  78) dim  1 offset 236
  (  79) dim  1 offset 239
  (  80) dim  1 offset 242
  (  81) dim  1 offset 245
  (  82) dim  1 offset 248
  (  83) dim  1 offset 251
  (  84) dim  0 offset 252
  (  85) dim  0 offset 252
  (  86) dim  0 offset 252
  (  87) dim  0 offset 252
  (  88) dim  0 offset 252
  (  89) dim  0 offset 252
  (  90) dim  0 offset 252
  (  91) dim  0 offset 252
  (  92) dim  0 offset 252
  (  93) dim  0 offset 252
  (  94) dim  0 offset 252
  (  95) dim  0 offset 252
  (  96) dim  0 offset 252
  (  97) dim  0 offset 252
  (  98) dim  0 offset 252
  (  99) dim  0 offset 252
  ( 100) dim  0 offset 252
  ( 101) dim  0 offset 252
  ( 102) dim  0 offset 252
  ( 103) dim  0 offset 252
  ( 104) dim  0 offset 252
  ( 105) dim  0 offset 252
  ( 106) dim  0 offset 252
  ( 107) dim  0 offset 252
  ( 108) dim  0 offset 252
  ( 109) dim  0 offset 252
  ( 110) dim  0 offset 252
  ( 111) dim  0 offset 252
  ( 112) dim  0 offset 252
  ( 113) dim  0 offset 252
  ( 114) dim  0 offset 252
  ( 115) dim  0 offset 252
  ( 116) dim  0 offset 252
  ( 117) dim  0 offset 252
  ( 118) dim  0 offset 252
  ( 119) dim  0 offset 252
  ( 120) dim  0 offset 252
  ( 121) dim  0 offset 252
  ( 122) dim  0 offset 252
  ( 123) dim  0 offset 252
  ( 124) dim  0 offset 252
  ( 125) dim  0 offset 252
  ( 126) dim  0 offset 252
  ( 127) dim  0 offset 252
  ( 128) dim  0 offset 252
  ( 129) dim  0 offset 252
  ( 130) dim  0 offset 252
  ( 131) dim  0 offset 252
  ( 132) dim  0 offset 252
  ( 133) dim  0 offset 252
  ( 134) dim  0 offset 252
  ( 135) dim  0 offset 252
  ( 136) dim  0 offset 252
  ( 137) dim  0 offset 252
  ( 138) dim  0 offset 252
  ( 139) dim  0 offset 252
  ( 140) dim  0 offset 252
  ( 141) dim  0 offset 252
  ( 142) dim  0 offset 252
  ( 143) dim  0 offset 252
  ( 144) dim  0 offset 252
  ( 145) dim  0 offset 252
  ( 146) dim  0 offset 252
  ( 147) dim  0 offset 252
  ( 148) dim  0 offset 252
  ( 149) dim  0 offset 252
  ( 150) dim  0 offset 252
  ( 151) dim  0 offset 252
  ( 152) dim  0 offset 252
  ( 153) dim  0 offset 252
  ( 154) dim  0 offset 252
  ( 155) dim  0 offset 252
  ( 156) dim  0 offset 252
  ( 157) dim  0 offset 252
  ( 158) dim  0 offset 252
  ( 159) dim  0 offset 252
  ( 160) dim  0 offset 252
  ( 161) dim  0 offset 252
  ( 162) dim  0 offset 252
  ( 163) dim  0 offset 252
  ( 164) dim  0 offset 252
  ( 165) dim  0 offset 252
  ( 166) dim  0 offset 252
  ( 167) dim  0 offset 252
