DM Object: mesh-hex 1 MPI processes
  type: plex
mesh-hex in 3 dimensions:
Supports:
[0] Max support size: 3
[0]: 1 ----> 15
[0]: 1 ----> 18
[0]: 1 ----> 24
[0]: 2 ----> 19
[0]: 2 ----> 22
[0]: 2 ----> 24
[0]: 3 ----> 17
[0]: 3 ----> 18
[0]: 3 ----> 23
[0]: 4 ----> 19
[0]: 4 ----> 20
[0]: 4 ----> 23
[0]: 5 ----> 15
[0]: 5 ----> 16
[0]: 5 ----> 25
[0]: 6 ----> 21
[0]: 6 ----> 22
[0]: 6 ----> 25
[0]: 7 ----> 16
[0]: 7 ----> 17
[0]: 7 ----> 26
[0]: 8 ----> 20
[0]: 8 ----> 21
[0]: 8 ----> 26
[0]: 9 ----> 0
[0]: 10 ----> 0
[0]: 11 ----> 0
[0]: 12 ----> 0
[0]: 13 ----> 0
[0]: 14 ----> 0
[0]: 15 ----> 9
[0]: 15 ----> 14
[0]: 16 ----> 9
[0]: 16 ----> 12
[0]: 17 ----> 9
[0]: 17 ----> 13
[0]: 18 ----> 9
[0]: 18 ----> 11
[0]: 19 ----> 10
[0]: 19 ----> 11
[0]: 20 ----> 10
[0]: 20 ----> 13
[0]: 21 ----> 10
[0]: 21 ----> 12
[0]: 22 ----> 10
[0]: 22 ----> 14
[0]: 23 ----> 11
[0]: 23 ----> 13
[0]: 24 ----> 11
[0]: 24 ----> 14
[0]: 25 ----> 12
[0]: 25 ----> 14
[0]: 26 ----> 12
[0]: 26 ----> 13
Cones:
[0] Max cone size: 6
[0]: 0 <---- 9 (0)
[0]: 0 <---- 10 (0)
[0]: 0 <---- 11 (0)
[0]: 0 <---- 12 (0)
[0]: 0 <---- 13 (0)
[0]: 0 <---- 14 (0)
[0]: 9 <---- 15 (0)
[0]: 9 <---- 16 (0)
[0]: 9 <---- 17 (0)
[0]: 9 <---- 18 (0)
[0]: 10 <---- 19 (0)
[0]: 10 <---- 20 (0)
[0]: 10 <---- 21 (0)
[0]: 10 <---- 22 (0)
[0]: 11 <---- 18 (-2)
[0]: 11 <---- 23 (0)
[0]: 11 <---- 19 (-2)
[0]: 11 <---- 24 (0)
[0]: 12 <---- 16 (-2)
[0]: 12 <---- 25 (0)
[0]: 12 <---- 21 (-2)
[0]: 12 <---- 26 (0)
[0]: 13 <---- 17 (-2)
[0]: 13 <---- 26 (-2)
[0]: 13 <---- 20 (-2)
[0]: 13 <---- 23 (-2)
[0]: 14 <---- 24 (-2)
[0]: 14 <---- 22 (-2)
[0]: 14 <---- 25 (-2)
[0]: 14 <---- 15 (-2)
[0]: 15 <---- 1 (0)
[0]: 15 <---- 5 (0)
[0]: 16 <---- 5 (0)
[0]: 16 <---- 7 (0)
[0]: 17 <---- 7 (0)
[0]: 17 <---- 3 (0)
[0]: 18 <---- 3 (0)
[0]: 18 <---- 1 (0)
[0]: 19 <---- 2 (0)
[0]: 19 <---- 4 (0)
[0]: 20 <---- 4 (0)
[0]: 20 <---- 8 (0)
[0]: 21 <---- 8 (0)
[0]: 21 <---- 6 (0)
[0]: 22 <---- 6 (0)
[0]: 22 <---- 2 (0)
[0]: 23 <---- 3 (0)
[0]: 23 <---- 4 (0)
[0]: 24 <---- 2 (0)
[0]: 24 <---- 1 (0)
[0]: 25 <---- 5 (0)
[0]: 25 <---- 6 (0)
[0]: 26 <---- 8 (0)
[0]: 26 <---- 7 (0)
coordinates with 1 fields
  field 0 with 3 components
Process 0:
  (   1) dim  3 offset   0 0. 0. 0.
  (   2) dim  3 offset   3 1. 0. 0.
  (   3) dim  3 offset   6 0. 1. 0.
  (   4) dim  3 offset   9 1. 1. 0.
  (   5) dim  3 offset  12 0. 0. 1.
  (   6) dim  3 offset  15 1. 0. 1.
  (   7) dim  3 offset  18 0. 1. 1.
  (   8) dim  3 offset  21 1. 1. 1.
Label 'marker':
[0]: 9 (1)
[0]: 10 (1)
[0]: 11 (1)
[0]: 12 (1)
[0]: 13 (1)
[0]: 14 (1)
[0]: 15 (1)
[0]: 16 (1)
[0]: 17 (1)
[0]: 18 (1)
[0]: 19 (1)
[0]: 20 (1)
[0]: 21 (1)
[0]: 22 (1)
[0]: 23 (1)
[0]: 24 (1)
[0]: 25 (1)
[0]: 26 (1)
Label 'celltype':
[0]: 1 (0)
[0]: 2 (0)
[0]: 3 (0)
[0]: 4 (0)
[0]: 5 (0)
[0]: 6 (0)
[0]: 7 (0)
[0]: 8 (0)
[0]: 0 (7)
[0]: 9 (4)
[0]: 10 (4)
[0]: 11 (4)
[0]: 12 (4)
[0]: 13 (4)
[0]: 14 (4)
[0]: 15 (1)
[0]: 16 (1)
[0]: 17 (1)
[0]: 18 (1)
[0]: 19 (1)
[0]: 20 (1)
[0]: 21 (1)
[0]: 22 (1)
[0]: 23 (1)
[0]: 24 (1)
[0]: 25 (1)
[0]: 26 (1)
