Vec Object: 2 MPI processes
Process [0]
0.
1.
1.
Process [1]
1.
2.
Maximum value 2. index 4 (no index 2.)
Minimum value 0. index 0 (no index 0.)
