L2 projection mass:     1.6040438665e+01, x-momentum:     1.4207700221e+00, energy:     6.6260697352e-01.
L2 projection mass:     1.6040438665e+01, x-momentum:     1.4207700221e+00, energy:     6.6260697352e-01.
L2 projection mass:     1.6040438665e+01, x-momentum:     1.4207700221e+00, energy:     6.6260697352e-01.
